{
  "version": "1.5.0",
  "plugins_used": [
    {
      "name": "ArtifactoryDetector"
    },
    {
      "name": "AWSKeyDetector"
    },
    {
      "name": "AzureStorageKeyDetector"
    },
    {
      "name": "Base64HighEntropyString",
      "limit": 4.5
    },
    {
      "name": "BasicAuthDetector"
    },
    {
      "name": "CloudantDetector"
    },
    {
      "name": "DiscordBotTokenDetector"
    },
    {
      "name": "GitHubTokenDetector"
    },
    {
      "name": "GitLabTokenDetector"
    },
    {
      "name": "HexHighEntropyString",
      "limit": 3.0
    },
    {
      "name": "IbmCloudIamDetector"
    },
    {
      "name": "IbmCosHmacDetector"
    },
    {
      "name": "IPPublicDetector"
    },
    {
      "name": "JwtTokenDetector"
    },
    {
      "name": "KeywordDetector",
      "keyword_exclude": ""
    },
    {
      "name": "MailchimpDetector"
    },
    {
      "name": "NpmDetector"
    },
    {
      "name": "OpenAIDetector"
    },
    {
      "name": "PrivateKeyDetector"
    },
    {
      "name": "PypiTokenDetector"
    },
    {
      "name": "SendGridDetector"
    },
    {
      "name": "SlackDetector"
    },
    {
      "name": "SoftlayerDetector"
    },
    {
      "name": "SquareOAuthDetector"
    },
    {
      "name": "StripeDetector"
    },
    {
      "name": "TelegramBotTokenDetector"
    },
    {
      "name": "TwilioKeyDetector"
    }
  ],
  "filters_used": [
    {
      "path": "detect_secrets.filters.allowlist.is_line_allowlisted"
    },
    {
      "path": "detect_secrets.filters.common.is_ignored_due_to_verification_policies",
      "min_level": 2
    },
    {
      "path": "detect_secrets.filters.heuristic.is_indirect_reference"
    },
    {
      "path": "detect_secrets.filters.heuristic.is_likely_id_string"
    },
    {
      "path": "detect_secrets.filters.heuristic.is_lock_file"
    },
    {
      "path": "detect_secrets.filters.heuristic.is_not_alphanumeric_string"
    },
    {
      "path": "detect_secrets.filters.heuristic.is_potential_uuid"
    },
    {
      "path": "detect_secrets.filters.heuristic.is_prefixed_with_dollar_sign"
    },
    {
      "path": "detect_secrets.filters.heuristic.is_sequential_string"
    },
    {
      "path": "detect_secrets.filters.heuristic.is_swagger_file"
    },
    {
      "path": "detect_secrets.filters.heuristic.is_templated_secret"
    },
    {
      "path": "detect_secrets.filters.regex.should_exclude_file",
      "pattern": [
        "\\.secrets\\.baseline|sbom/"
      ]
    }
  ],
  "results": {
    "core/tests/test_security.py": [
      {
        "type": "Secret Keyword",
        "filename": "core/tests/test_security.py",
        "hashed_secret": "76272dc4faf660733711f58c736830d27159fb55",
        "is_verified": false,
        "line_number": 98
      }
    ],
    "pnpm-lock.yaml": [
      {
        "type": "Base64 High Entropy String",
        "filename": "pnpm-lock.yaml",
        "hashed_secret": "49b650692e9bc09546fd1f3a935da908ca5d02e1",
        "is_verified": false,
        "line_number": 75
      },
      {
        "type": "Base64 High Entropy String",
        "filename": "pnpm-lock.yaml",
        "hashed_secret": "a6b7a193f9685d14571c31a6a1b3add5e7887856",
        "is_verified": false,
        "line_number": 78
      },
      {
        "type": "Base64 High Entropy String",
        "filename": "pnpm-lock.yaml",
        "hashed_secret": "6f54e5f3cff0558a333012cb18a2f7704a4a694f",
        "is_verified": false,
        "line_number": 81
      },
      {
        "type": "Base64 High Entropy String",
        "filename": "pnpm-lock.yaml",
        "hashed_secret": "053d3cc06440fa00d827da7ad36f940aa850a4af",
        "is_verified": false,
        "line_number": 85
      },
      {
        "type": "Base64 High Entropy String",
        "filename": "pnpm-lock.yaml",
        "hashed_secret": "f00f2169d9ab47f9d8b0f28911b36269406a3ca1",
        "is_verified": false,
        "line_number": 89
      },
      {
        "type": "Base64 High Entropy String",
        "filename": "pnpm-lock.yaml",
        "hashed_secret": "214d20b57e6ca1c88c8f76e3845d6628590d82c5",
        "is_verified": false,
        "line_number": 93
      },
      {
        "type": "Base64 High Entropy String",
        "filename": "pnpm-lock.yaml",
        "hashed_secret": "a868ba6eefacc6159bc0d34cba6e4de2c94f74d6",
        "is_verified": false,
        "line_number": 97
      },
      {
        "type": "Base64 High Entropy String",
        "filename": "pnpm-lock.yaml",
        "hashed_secret": "7e73aadcec9d571573c9d69b05eb86866676554d",
        "is_verified": false,
        "line_number": 101
      },
      {
        "type": "Base64 High Entropy String",
        "filename": "pnpm-lock.yaml",
        "hashed_secret": "d99cc4a6e1f8f9fc502731fab1e7e07ffea6f5de",
        "is_verified": false,
        "line_number": 105
      },
      {
        "type": "Base64 High Entropy String",
        "filename": "pnpm-lock.yaml",
        "hashed_secret": "01d0aacfd0dfd22a34100a6d7e295f45ddfd1a46",
        "is_verified": false,
        "line_number": 109
      },
      {
        "type": "Base64 High Entropy String",
        "filename": "pnpm-lock.yaml",
        "hashed_secret": "a2ce47ad21bb78827336df0c25636c3809a3c66b",
        "is_verified": false,
        "line_number": 115
      },
      {
        "type": "Base64 High Entropy String",
        "filename": "pnpm-lock.yaml",
        "hashed_secret": "c3056715d6375ab9398baaf6907e8cfea57bcbbb",
        "is_verified": false,
        "line_number": 119
      },
      {
        "type": "Base64 High Entropy String",
        "filename": "pnpm-lock.yaml",
        "hashed_secret": "6a1911189662b59023c6d2d6d4e1fbc01421b619",
        "is_verified": false,
        "line_number": 123
      },
      {
        "type": "Base64 High Entropy String",
        "filename": "pnpm-lock.yaml",
        "hashed_secret": "39579301faa7a017a82dd3236e81c30c07c2e910",
        "is_verified": false,
        "line_number": 127
      },
      {
        "type": "Base64 High Entropy String",
        "filename": "pnpm-lock.yaml",
        "hashed_secret": "72cc6270c406d41a00b50b0b6f8fc6fabeb22423",
        "is_verified": false,
        "line_number": 131
      },
      {
        "type": "Base64 High Entropy String",
        "filename": "pnpm-lock.yaml",
        "hashed_secret": "ed1addc866563fc8c15dbf5f211b2b9a8ed125da",
        "is_verified": false,
        "line_number": 135
      },
      {
        "type": "Base64 High Entropy String",
        "filename": "pnpm-lock.yaml",
        "hashed_secret": "cead0d0e1de68ba98aacfdf33d606e45bf08c6d7",
        "is_verified": false,
        "line_number": 140
      },
      {
        "type": "Base64 High Entropy String",
        "filename": "pnpm-lock.yaml",
        "hashed_secret": "8c7cc3b327025c7273ee368e8edab2b47a48db2d",
        "is_verified": false,
        "line_number": 146
      },
      {
        "type": "Base64 High Entropy String",
        "filename": "pnpm-lock.yaml",
        "hashed_secret": "61b438d926a97729d4c06260292d5938f6f496e0",
        "is_verified": false,
        "line_number": 152
      },
      {
        "type": "Base64 High Entropy String",
        "filename": "pnpm-lock.yaml",
        "hashed_secret": "919374812fe535cec85dd4e074812cdf5534a310",
        "is_verified": false,
        "line_number": 156
      },
      {
        "type": "Base64 High Entropy String",
        "filename": "pnpm-lock.yaml",
        "hashed_secret": "27584a6b20e200f56d7ebc2ff8783fd0f8e31789",
        "is_verified": false,
        "line_number": 160
      },
      {
        "type": "Base64 High Entropy String",
        "filename": "pnpm-lock.yaml",
        "hashed_secret": "358d94c79d1fe9e2ad5a07f5d690231fec1c79ef",
        "is_verified": false,
        "line_number": 164
      },
      {
        "type": "Base64 High Entropy String",
        "filename": "pnpm-lock.yaml",
        "hashed_secret": "b77bcf9cfa531e940fc298899d0080339a73c0cb",
        "is_verified": false,
        "line_number": 168
      },
      {
        "type": "Base64 High Entropy String",
        "filename": "pnpm-lock.yaml",
        "hashed_secret": "e8cd0c3094835591836c8fa7935c7bbb6ee65add",
        "is_verified": false,
        "line_number": 172
      },
      {
        "type": "Base64 High Entropy String",
        "filename": "pnpm-lock.yaml",
        "hashed_secret": "61dd02eaf9c90ea54d73e26217afccd18e1c7af1",
        "is_verified": false,
        "line_number": 179
      },
      {
        "type": "Base64 High Entropy String",
        "filename": "pnpm-lock.yaml",
        "hashed_secret": "af969ffa1ace7a92c94e95f67c7a11b1094f3757",
        "is_verified": false,
        "line_number": 186
      },
      {
        "type": "Base64 High Entropy String",
        "filename": "pnpm-lock.yaml",
        "hashed_secret": "196c34fa3c4c886415ff6da9263c5c5e6060cd42",
        "is_verified": false,
        "line_number": 192
      },
      {
        "type": "Base64 High Entropy String",
        "filename": "pnpm-lock.yaml",
        "hashed_secret": "d1b8345cd5758682c4e2be076930b6dee81a8f0a",
        "is_verified": false,
        "line_number": 196
      },
      {
        "type": "Base64 High Entropy String",
        "filename": "pnpm-lock.yaml",
        "hashed_secret": "34fc2e926d119d522332afcf0b1e31be4943e728",
        "is_verified": false,
        "line_number": 202
      },
      {
        "type": "Base64 High Entropy String",
        "filename": "pnpm-lock.yaml",
        "hashed_secret": "ee9277ef9d8d4012e1b5e779ec43d5b9ec480348",
        "is_verified": false,
        "line_number": 208
      },
      {
        "type": "Base64 High Entropy String",
        "filename": "pnpm-lock.yaml",
        "hashed_secret": "b51ddd35a554c659b500b4c1169692da4f6cee67",
        "is_verified": false,
        "line_number": 214
      },
      {
        "type": "Base64 High Entropy String",
        "filename": "pnpm-lock.yaml",
        "hashed_secret": "552658965b8efb6ebaf095b54636a6d54c8e4a6b",
        "is_verified": false,
        "line_number": 220
      },
      {
        "type": "Base64 High Entropy String",
        "filename": "pnpm-lock.yaml",
        "hashed_secret": "04e50569b26a331d6327f95e0a43e04435017c25",
        "is_verified": false,
        "line_number": 226
      },
      {
        "type": "Base64 High Entropy String",
        "filename": "pnpm-lock.yaml",
        "hashed_secret": "f427b0533ef2217b7b65d4be9d69dfb98e234645",
        "is_verified": false,
        "line_number": 232
      },
      {
        "type": "Base64 High Entropy String",
        "filename": "pnpm-lock.yaml",
        "hashed_secret": "3f10b09e053c0d12d409925cdbee129e15aee7ee",
        "is_verified": false,
        "line_number": 238
      },
      {
        "type": "Base64 High Entropy String",
        "filename": "pnpm-lock.yaml",
        "hashed_secret": "7cb36fd100cc7d0102797bb6a79a28f2c4a2a33d",
        "is_verified": false,
        "line_number": 244
      },
      {
        "type": "Base64 High Entropy String",
        "filename": "pnpm-lock.yaml",
        "hashed_secret": "2acca17ade2dd33b015ab19d80c162e241749350",
        "is_verified": false,
        "line_number": 250
      },
      {
        "type": "Base64 High Entropy String",
        "filename": "pnpm-lock.yaml",
        "hashed_secret": "970ba53b3d18d68bf94e8458ec9c1b6326188d4f",
        "is_verified": false,
        "line_number": 256
      },
      {
        "type": "Base64 High Entropy String",
        "filename": "pnpm-lock.yaml",
        "hashed_secret": "5d012814b5566671037c067991ea81d19cd07cbf",
        "is_verified": false,
        "line_number": 262
      },
      {
        "type": "Base64 High Entropy String",
        "filename": "pnpm-lock.yaml",
        "hashed_secret": "e0ed8c59207e32883f7f1b4b33356054c4214245",
        "is_verified": false,
        "line_number": 268
      },
      {
        "type": "Base64 High Entropy String",
        "filename": "pnpm-lock.yaml",
        "hashed_secret": "fa4f8c78da34eeb842b7c58de563aa7feabcb7b9",
        "is_verified": false,
        "line_number": 274
      },
      {
        "type": "Base64 High Entropy String",
        "filename": "pnpm-lock.yaml",
        "hashed_secret": "762142615ab1dc453cd4c6e0d16d9abff71f7c3b",
        "is_verified": false,
        "line_number": 280
      },
      {
        "type": "Base64 High Entropy String",
        "filename": "pnpm-lock.yaml",
        "hashed_secret": "6385b43929b2ca3cd3fc11ddc7c9429aa6799e95",
        "is_verified": false,
        "line_number": 286
      },
      {
        "type": "Base64 High Entropy String",
        "filename": "pnpm-lock.yaml",
        "hashed_secret": "3f729bd8163365c1bc85737b1a5091cb37d83829",
        "is_verified": false,
        "line_number": 292
      },
      {
        "type": "Base64 High Entropy String",
        "filename": "pnpm-lock.yaml",
        "hashed_secret": "00fbf776f031ec28f109bdb0502c86883d29ac01",
        "is_verified": false,
        "line_number": 298
      },
      {
        "type": "Base64 High Entropy String",
        "filename": "pnpm-lock.yaml",
        "hashed_secret": "afabc9199b55dca97a779220cf30689beace5333",
        "is_verified": false,
        "line_number": 304
      },
      {
        "type": "Base64 High Entropy String",
        "filename": "pnpm-lock.yaml",
        "hashed_secret": "7cdd98d664bd97065578d2af7b793094d23fedb7",
        "is_verified": false,
        "line_number": 310
      },
      {
        "type": "Base64 High Entropy String",
        "filename": "pnpm-lock.yaml",
        "hashed_secret": "611d19d8a4d5842d0970db276cdd09ae44de3df6",
        "is_verified": false,
        "line_number": 316
      },
      {
        "type": "Base64 High Entropy String",
        "filename": "pnpm-lock.yaml",
        "hashed_secret": "20e89c354326f9aebacc5df3bcb782d7b36edf88",
        "is_verified": false,
        "line_number": 322
      },
      {
        "type": "Base64 High Entropy String",
        "filename": "pnpm-lock.yaml",
        "hashed_secret": "ff07375cb2a21e51b33412e3316544b3c5d575a1",
        "is_verified": false,
        "line_number": 328
      },
      {
        "type": "Base64 High Entropy String",
        "filename": "pnpm-lock.yaml",
        "hashed_secret": "c93372223d2b5bbe594d85bfc0d21dfafea217b5",
        "is_verified": false,
        "line_number": 334
      },
      {
        "type": "Base64 High Entropy String",
        "filename": "pnpm-lock.yaml",
        "hashed_secret": "6e1232ec19c19bb978ed3a5bf123312c5648df9d",
        "is_verified": false,
        "line_number": 340
      },
      {
        "type": "Base64 High Entropy String",
        "filename": "pnpm-lock.yaml",
        "hashed_secret": "5fd341ad5e6bff70186ba90c6b39ca49c19fe297",
        "is_verified": false,
        "line_number": 346
      },
      {
        "type": "Base64 High Entropy String",
        "filename": "pnpm-lock.yaml",
        "hashed_secret": "8733ba82d33885a92ca3009eb6ba61e505a1ee9a",
        "is_verified": false,
        "line_number": 352
      },
      {
        "type": "Base64 High Entropy String",
        "filename": "pnpm-lock.yaml",
        "hashed_secret": "3e3522c83d724aa4133ee6bb6d627e4390be31a5",
        "is_verified": false,
        "line_number": 355
      },
      {
        "type": "Base64 High Entropy String",
        "filename": "pnpm-lock.yaml",
        "hashed_secret": "9d1b9dbec9f048e048f4dd38591947ca7deff5dd",
        "is_verified": false,
        "line_number": 358
      },
      {
        "type": "Base64 High Entropy String",
        "filename": "pnpm-lock.yaml",
        "hashed_secret": "f60c00cacddf514ad090fbde7005d8721adc0b89",
        "is_verified": false,
        "line_number": 362
      },
      {
        "type": "Base64 High Entropy String",
        "filename": "pnpm-lock.yaml",
        "hashed_secret": "b0e9cbf320ebe74507bcdaae3f0b40740459a092",
        "is_verified": false,
        "line_number": 365
      },
      {
        "type": "Base64 High Entropy String",
        "filename": "pnpm-lock.yaml",
        "hashed_secret": "b5b6d48460f3ce7c0ee71c156fa178805b4b632c",
        "is_verified": false,
        "line_number": 368
      },
      {
        "type": "Base64 High Entropy String",
        "filename": "pnpm-lock.yaml",
        "hashed_secret": "5b9d40719225dc3ebfa01d4c852494701c44bb1e",
        "is_verified": false,
        "line_number": 373
      },
      {
        "type": "Base64 High Entropy String",
        "filename": "pnpm-lock.yaml",
        "hashed_secret": "d29a235790f3969c4c6e0d703fb76ed6d4c43435",
        "is_verified": false,
        "line_number": 376
      },
      {
        "type": "Base64 High Entropy String",
        "filename": "pnpm-lock.yaml",
        "hashed_secret": "7d824c6ca93139a2ef69c3be605e0d8d8e6b38a7",
        "is_verified": false,
        "line_number": 381
      },
      {
        "type": "Base64 High Entropy String",
        "filename": "pnpm-lock.yaml",
        "hashed_secret": "66e5de60cefee3971bba2b10f4d0af80657dc224",
        "is_verified": false,
        "line_number": 386
      },
      {
        "type": "Base64 High Entropy String",
        "filename": "pnpm-lock.yaml",
        "hashed_secret": "6de03aefa185466ec842a0400821b760ef61066f",
        "is_verified": false,
        "line_number": 391
      },
      {
        "type": "Base64 High Entropy String",
        "filename": "pnpm-lock.yaml",
        "hashed_secret": "0d3d9c8caf3da1018fcf8efc3f5484e69ae07322",
        "is_verified": false,
        "line_number": 396
      },
      {
        "type": "Base64 High Entropy String",
        "filename": "pnpm-lock.yaml",
        "hashed_secret": "621a35c8e1a5b26eab96988148601c6a2a6d46f5",
        "is_verified": false,
        "line_number": 401
      },
      {
        "type": "Base64 High Entropy String",
        "filename": "pnpm-lock.yaml",
        "hashed_secret": "7c15d4effdd4a6d803384035b162e6b1d2228d6f",
        "is_verified": false,
        "line_number": 406
      },
      {
        "type": "Base64 High Entropy String",
        "filename": "pnpm-lock.yaml",
        "hashed_secret": "65a0a488fd9e53fe8e54f635b3050a04eb7a4407",
        "is_verified": false,
        "line_number": 412
      },
      {
        "type": "Base64 High Entropy String",
        "filename": "pnpm-lock.yaml",
        "hashed_secret": "6cb6c04f59114c7b1046914d1add94c11d65e19a",
        "is_verified": false,
        "line_number": 418
      },
      {
        "type": "Base64 High Entropy String",
        "filename": "pnpm-lock.yaml",
        "hashed_secret": "79125428e5eb3cd81cd457e0b96aa96c50901501",
        "is_verified": false,
        "line_number": 424
      },
      {
        "type": "Base64 High Entropy String",
        "filename": "pnpm-lock.yaml",
        "hashed_secret": "c6074ecbc1d0713b79c98154981bd6f30eeae699",
        "is_verified": false,
        "line_number": 430
      },
      {
        "type": "Base64 High Entropy String",
        "filename": "pnpm-lock.yaml",
        "hashed_secret": "3e201ed4e710ec94b6cbd23efdc52a2838eed750",
        "is_verified": false,
        "line_number": 436
      },
      {
        "type": "Base64 High Entropy String",
        "filename": "pnpm-lock.yaml",
        "hashed_secret": "d17e052921288ce5ef3e8f762ef45913e310c5c3",
        "is_verified": false,
        "line_number": 442
      },
      {
        "type": "Base64 High Entropy String",
        "filename": "pnpm-lock.yaml",
        "hashed_secret": "665ec5fc79abb48b8a5bef21dab14f492c10615d",
        "is_verified": false,
        "line_number": 448
      },
      {
        "type": "Base64 High Entropy String",
        "filename": "pnpm-lock.yaml",
        "hashed_secret": "b058eea6a4a92959a3e4b9336b46f4ddfbfb90b0",
        "is_verified": false,
        "line_number": 454
      },
      {
        "type": "Base64 High Entropy String",
        "filename": "pnpm-lock.yaml",
        "hashed_secret": "92eca0684180518028d1fd9eb28cc352c823fd46",
        "is_verified": false,
        "line_number": 460
      },
      {
        "type": "Base64 High Entropy String",
        "filename": "pnpm-lock.yaml",
        "hashed_secret": "95a92358a5bd8405744bb56ba0e4efb586dd9812",
        "is_verified": false,
        "line_number": 466
      },
      {
        "type": "Base64 High Entropy String",
        "filename": "pnpm-lock.yaml",
        "hashed_secret": "eba74fd5691dca8a871f483f76323461a5b00faa",
        "is_verified": false,
        "line_number": 472
      },
      {
        "type": "Base64 High Entropy String",
        "filename": "pnpm-lock.yaml",
        "hashed_secret": "cc83fa79f3b9460c411d55889dc846ea4d930c9a",
        "is_verified": false,
        "line_number": 478
      },
      {
        "type": "Base64 High Entropy String",
        "filename": "pnpm-lock.yaml",
        "hashed_secret": "85c4e3a915598136629a2696422c97d9b78842f7",
        "is_verified": false,
        "line_number": 484
      },
      {
        "type": "Base64 High Entropy String",
        "filename": "pnpm-lock.yaml",
        "hashed_secret": "50c15a9b974179971048152c10025d24f29f4bcf",
        "is_verified": false,
        "line_number": 489
      },
      {
        "type": "Base64 High Entropy String",
        "filename": "pnpm-lock.yaml",
        "hashed_secret": "be83acc9ac0f08f97a9070f22b323923c282f0c3",
        "is_verified": false,
        "line_number": 494
      },
      {
        "type": "Base64 High Entropy String",
        "filename": "pnpm-lock.yaml",
        "hashed_secret": "2d6ea7b5fe91c32b96b3496bf3d600fe63ad937c",
        "is_verified": false,
        "line_number": 499
      },
      {
        "type": "Base64 High Entropy String",
        "filename": "pnpm-lock.yaml",
        "hashed_secret": "d91afd4343699958c7ee05c22fc6860d8811df10",
        "is_verified": false,
        "line_number": 504
      },
      {
        "type": "Base64 High Entropy String",
        "filename": "pnpm-lock.yaml",
        "hashed_secret": "a38886503bed950d27465d8cb703a8380bf6e13f",
        "is_verified": false,
        "line_number": 509
      },
      {
        "type": "Base64 High Entropy String",
        "filename": "pnpm-lock.yaml",
        "hashed_secret": "1e9ff9fee5ad181d3f63618e0267e8ad42826e83",
        "is_verified": false,
        "line_number": 514
      },
      {
        "type": "Base64 High Entropy String",
        "filename": "pnpm-lock.yaml",
        "hashed_secret": "e0cad2c1c2babcee39a4c25ea773656432e980b5",
        "is_verified": false,
        "line_number": 517
      },
      {
        "type": "Base64 High Entropy String",
        "filename": "pnpm-lock.yaml",
        "hashed_secret": "4f30f4179bf6aad2e2db264609aca318cddd0299",
        "is_verified": false,
        "line_number": 521
      },
      {
        "type": "Base64 High Entropy String",
        "filename": "pnpm-lock.yaml",
        "hashed_secret": "b09adb7e7627fd788edd03017f0e834f5647d5a6",
        "is_verified": false,
        "line_number": 525
      },
      {
        "type": "Base64 High Entropy String",
        "filename": "pnpm-lock.yaml",
        "hashed_secret": "23b847f3370f612113c53bca00cffae8e46fb58b",
        "is_verified": false,
        "line_number": 540
      },
      {
        "type": "Base64 High Entropy String",
        "filename": "pnpm-lock.yaml",
        "hashed_secret": "50a0bc6ed4bd15cd54a9ef3e744d9e367b1ee0b2",
        "is_verified": false,
        "line_number": 543
      },
      {
        "type": "Base64 High Entropy String",
        "filename": "pnpm-lock.yaml",
        "hashed_secret": "f161e2b04f8faa8a514998b846300c0e52e3dde4",
        "is_verified": false,
        "line_number": 546
      },
      {
        "type": "Base64 High Entropy String",
        "filename": "pnpm-lock.yaml",
        "hashed_secret": "21a255bacab0430cf0dd455985ab2ac363136cdb",
        "is_verified": false,
        "line_number": 549
      },
      {
        "type": "Base64 High Entropy String",
        "filename": "pnpm-lock.yaml",
        "hashed_secret": "146791ae0b950340d17de1ffbda27158f3e8be1c",
        "is_verified": false,
        "line_number": 552
      },
      {
        "type": "Base64 High Entropy String",
        "filename": "pnpm-lock.yaml",
        "hashed_secret": "7739c7a36e8b5c9759887d54c3d3a252d017cb71",
        "is_verified": false,
        "line_number": 555
      },
      {
        "type": "Base64 High Entropy String",
        "filename": "pnpm-lock.yaml",
        "hashed_secret": "d4dda0583372eb865e22ea00ae160ceb315aa0df",
        "is_verified": false,
        "line_number": 558
      },
      {
        "type": "Base64 High Entropy String",
        "filename": "pnpm-lock.yaml",
        "hashed_secret": "fa52615bd39e56c7366b834e0c9b496bbb96f043",
        "is_verified": false,
        "line_number": 561
      },
      {
        "type": "Base64 High Entropy String",
        "filename": "pnpm-lock.yaml",
        "hashed_secret": "5ddf3c05cbc708b3f11d56ee4aee58303a9229a0",
        "is_verified": false,
        "line_number": 564
      },
      {
        "type": "Base64 High Entropy String",
        "filename": "pnpm-lock.yaml",
        "hashed_secret": "315f040aced6f2876d3822561a1f658a735f0327",
        "is_verified": false,
        "line_number": 567
      },
      {
        "type": "Base64 High Entropy String",
        "filename": "pnpm-lock.yaml",
        "hashed_secret": "050aa90d276355b9c8138ffcce8c1b24f970b214",
        "is_verified": false,
        "line_number": 572
      },
      {
        "type": "Base64 High Entropy String",
        "filename": "pnpm-lock.yaml",
        "hashed_secret": "99e538842547d75c6beb69e79fab163102fb89a0",
        "is_verified": false,
        "line_number": 575
      },
      {
        "type": "Base64 High Entropy String",
        "filename": "pnpm-lock.yaml",
        "hashed_secret": "aeea04934edf137499a9f18d68c8f2626e2794e4",
        "is_verified": false,
        "line_number": 581
      },
      {
        "type": "Base64 High Entropy String",
        "filename": "pnpm-lock.yaml",
        "hashed_secret": "223048508f0d737013d49bf59e3968ac299b8a99",
        "is_verified": false,
        "line_number": 584
      },
      {
        "type": "Base64 High Entropy String",
        "filename": "pnpm-lock.yaml",
        "hashed_secret": "e9bf04220456ddd9f7e8b92be81d882ba206ef2b",
        "is_verified": false,
        "line_number": 595
      },
      {
        "type": "Base64 High Entropy String",
        "filename": "pnpm-lock.yaml",
        "hashed_secret": "11c2a60c63d4dbb71e847c5e9b2a5d0725aad931",
        "is_verified": false,
        "line_number": 598
      },
      {
        "type": "Base64 High Entropy String",
        "filename": "pnpm-lock.yaml",
        "hashed_secret": "0c5cebcce1962476bddc9e0f9396b44ef06fa138",
        "is_verified": false,
        "line_number": 601
      },
      {
        "type": "Base64 High Entropy String",
        "filename": "pnpm-lock.yaml",
        "hashed_secret": "00a18f0555ea372c6aa4925456238af253552b77",
        "is_verified": false,
        "line_number": 604
      },
      {
        "type": "Base64 High Entropy String",
        "filename": "pnpm-lock.yaml",
        "hashed_secret": "98ff88250b0b0018e25e9d3e37a3852065ba8ad8",
        "is_verified": false,
        "line_number": 607
      },
      {
        "type": "Base64 High Entropy String",
        "filename": "pnpm-lock.yaml",
        "hashed_secret": "c4500f6ef6d71520147cb4cf42394ed23891d064",
        "is_verified": false,
        "line_number": 610
      },
      {
        "type": "Base64 High Entropy String",
        "filename": "pnpm-lock.yaml",
        "hashed_secret": "35ca90e5fa9b87427a5ff8b3f333a7b7d45fc260",
        "is_verified": false,
        "line_number": 614
      },
      {
        "type": "Base64 High Entropy String",
        "filename": "pnpm-lock.yaml",
        "hashed_secret": "371ce323d657e273939fdad274085642a4da69de",
        "is_verified": false,
        "line_number": 618
      },
      {
        "type": "Base64 High Entropy String",
        "filename": "pnpm-lock.yaml",
        "hashed_secret": "d032728a18c71c0a8e3f18b060f12d1ab9755c47",
        "is_verified": false,
        "line_number": 622
      },
      {
        "type": "Base64 High Entropy String",
        "filename": "pnpm-lock.yaml",
        "hashed_secret": "b8434babdebe87a28a32c342a9ed215e5fe43378",
        "is_verified": false,
        "line_number": 625
      },
      {
        "type": "Base64 High Entropy String",
        "filename": "pnpm-lock.yaml",
        "hashed_secret": "1c504c77e2b9f1ea0e1770e65673fd7f8b3f4c8f",
        "is_verified": false,
        "line_number": 629
      },
      {
        "type": "Base64 High Entropy String",
        "filename": "pnpm-lock.yaml",
        "hashed_secret": "599395997c127ee79a03df8cbc9c57d9c5c4b39b",
        "is_verified": false,
        "line_number": 633
      },
      {
        "type": "Base64 High Entropy String",
        "filename": "pnpm-lock.yaml",
        "hashed_secret": "01414c54fd6db37c26544b830402afd3c66a4bd8",
        "is_verified": false,
        "line_number": 636
      },
      {
        "type": "Base64 High Entropy String",
        "filename": "pnpm-lock.yaml",
        "hashed_secret": "b83c83894d873c027ba4615d15104944324378f4",
        "is_verified": false,
        "line_number": 641
      },
      {
        "type": "Base64 High Entropy String",
        "filename": "pnpm-lock.yaml",
        "hashed_secret": "09ce1f68022d542bd4b111b2e648b4261e7ea537",
        "is_verified": false,
        "line_number": 646
      },
      {
        "type": "Base64 High Entropy String",
        "filename": "pnpm-lock.yaml",
        "hashed_secret": "b7667451beea27263dbd9a8fc3de00b3016fe01b",
        "is_verified": false,
        "line_number": 650
      },
      {
        "type": "Base64 High Entropy String",
        "filename": "pnpm-lock.yaml",
        "hashed_secret": "bc23715592b7602434c2776230d19f43fc479898",
        "is_verified": false,
        "line_number": 653
      },
      {
        "type": "Base64 High Entropy String",
        "filename": "pnpm-lock.yaml",
        "hashed_secret": "83307cb75a4a44ba528f4a0aefcec2a8018dc6d8",
        "is_verified": false,
        "line_number": 657
      },
      {
        "type": "Base64 High Entropy String",
        "filename": "pnpm-lock.yaml",
        "hashed_secret": "08c8ee0987f57add8cd4071488caef8ec431336a",
        "is_verified": false,
        "line_number": 661
      },
      {
        "type": "Base64 High Entropy String",
        "filename": "pnpm-lock.yaml",
        "hashed_secret": "bf2a7aa50ec6063cbb616daadb50eec0213fa61f",
        "is_verified": false,
        "line_number": 664
      },
      {
        "type": "Base64 High Entropy String",
        "filename": "pnpm-lock.yaml",
        "hashed_secret": "54a43bbc3347478addf329caeb7193802e16ed40",
        "is_verified": false,
        "line_number": 667
      },
      {
        "type": "Base64 High Entropy String",
        "filename": "pnpm-lock.yaml",
        "hashed_secret": "a35cbc541c025ba5ccef5ca780a743f94848a218",
        "is_verified": false,
        "line_number": 671
      },
      {
        "type": "Base64 High Entropy String",
        "filename": "pnpm-lock.yaml",
        "hashed_secret": "b2842d1820be756380aa1a279474505df803ec95",
        "is_verified": false,
        "line_number": 674
      },
      {
        "type": "Base64 High Entropy String",
        "filename": "pnpm-lock.yaml",
        "hashed_secret": "d45062677e99f28b9a98f4b53e9af8f56b01bb10",
        "is_verified": false,
        "line_number": 678
      },
      {
        "type": "Base64 High Entropy String",
        "filename": "pnpm-lock.yaml",
        "hashed_secret": "cf3e48f5af3fca6bb9135acdee135247bcae1307",
        "is_verified": false,
        "line_number": 687
      },
      {
        "type": "Base64 High Entropy String",
        "filename": "pnpm-lock.yaml",
        "hashed_secret": "6263b491d8e05bc0d6bc8b232c3a06044db2232c",
        "is_verified": false,
        "line_number": 690
      },
      {
        "type": "Base64 High Entropy String",
        "filename": "pnpm-lock.yaml",
        "hashed_secret": "d031e18cc14e54a719197084af4cd6b2372fd005",
        "is_verified": false,
        "line_number": 694
      },
      {
        "type": "Base64 High Entropy String",
        "filename": "pnpm-lock.yaml",
        "hashed_secret": "c02b39bafb6389010b678e8a4714d2ddfb10fe59",
        "is_verified": false,
        "line_number": 698
      },
      {
        "type": "Base64 High Entropy String",
        "filename": "pnpm-lock.yaml",
        "hashed_secret": "46a4e83f9f3f3670ec1cf4445789431038008dc2",
        "is_verified": false,
        "line_number": 701
      },
      {
        "type": "Base64 High Entropy String",
        "filename": "pnpm-lock.yaml",
        "hashed_secret": "79119667cecad09809c34832b1f2b650b5ccded7",
        "is_verified": false,
        "line_number": 704
      },
      {
        "type": "Base64 High Entropy String",
        "filename": "pnpm-lock.yaml",
        "hashed_secret": "8ce4fda648bd2ce2f0483b5612bd6d77cd733c78",
        "is_verified": false,
        "line_number": 708
      },
      {
        "type": "Base64 High Entropy String",
        "filename": "pnpm-lock.yaml",
        "hashed_secret": "b32dc7581438839b3baa8cbb9dafcc80017588ea",
        "is_verified": false,
        "line_number": 711
      },
      {
        "type": "Base64 High Entropy String",
        "filename": "pnpm-lock.yaml",
        "hashed_secret": "6d1db030d72c8b03fd95eaeb0266255402f70df5",
        "is_verified": false,
        "line_number": 715
      },
      {
        "type": "Base64 High Entropy String",
        "filename": "pnpm-lock.yaml",
        "hashed_secret": "cf75ddffbc923b32123e91e069fbcb97ac39c4d9",
        "is_verified": false,
        "line_number": 719
      },
      {
        "type": "Base64 High Entropy String",
        "filename": "pnpm-lock.yaml",
        "hashed_secret": "d3bc9e85ef73bc81be3c9767f7c26c7600f357c0",
        "is_verified": false,
        "line_number": 723
      },
      {
        "type": "Base64 High Entropy String",
        "filename": "pnpm-lock.yaml",
        "hashed_secret": "3a5216756ea514ee529bd716ec9b6abb95caae43",
        "is_verified": false,
        "line_number": 726
      },
      {
        "type": "Base64 High Entropy String",
        "filename": "pnpm-lock.yaml",
        "hashed_secret": "e28508e3ee2cfadee43ef9cfb9bb3b5d5d8ef5af",
        "is_verified": false,
        "line_number": 730
      },
      {
        "type": "Base64 High Entropy String",
        "filename": "pnpm-lock.yaml",
        "hashed_secret": "bf4a0e0cb4a648f94a1ceff84d8070ab01b0df0e",
        "is_verified": false,
        "line_number": 734
      },
      {
        "type": "Base64 High Entropy String",
        "filename": "pnpm-lock.yaml",
        "hashed_secret": "3cb8e7a708267691af8530db673cae1ad0578392",
        "is_verified": false,
        "line_number": 739
      },
      {
        "type": "Base64 High Entropy String",
        "filename": "pnpm-lock.yaml",
        "hashed_secret": "763f4272f5426f2cb52dd90f1f6a490a4ce61418",
        "is_verified": false,
        "line_number": 743
      },
      {
        "type": "Base64 High Entropy String",
        "filename": "pnpm-lock.yaml",
        "hashed_secret": "16d0c877fca994fd1c43bd7f131be967bf4f87b6",
        "is_verified": false,
        "line_number": 746
      },
      {
        "type": "Base64 High Entropy String",
        "filename": "pnpm-lock.yaml",
        "hashed_secret": "16fa3bfaeef78e32910c87baf9060e51490d09ad",
        "is_verified": false,
        "line_number": 750
      },
      {
        "type": "Base64 High Entropy String",
        "filename": "pnpm-lock.yaml",
        "hashed_secret": "6afa15e8edc16b7f6767c97ca8892b8602a2adfe",
        "is_verified": false,
        "line_number": 759
      },
      {
        "type": "Base64 High Entropy String",
        "filename": "pnpm-lock.yaml",
        "hashed_secret": "9c422f6dfca5f8acb3d3923f7aed45865b8e1168",
        "is_verified": false,
        "line_number": 763
      },
      {
        "type": "Base64 High Entropy String",
        "filename": "pnpm-lock.yaml",
        "hashed_secret": "d950cd8ef510429f57fb282e4a437321ca86158c",
        "is_verified": false,
        "line_number": 768
      },
      {
        "type": "Base64 High Entropy String",
        "filename": "pnpm-lock.yaml",
        "hashed_secret": "e7f54899a1654525fbfb1d8c3ac44d632f655af1",
        "is_verified": false,
        "line_number": 773
      },
      {
        "type": "Base64 High Entropy String",
        "filename": "pnpm-lock.yaml",
        "hashed_secret": "f5e09813aa79c07abdd4edd0469c3fad0a4ec10d",
        "is_verified": false,
        "line_number": 776
      },
      {
        "type": "Base64 High Entropy String",
        "filename": "pnpm-lock.yaml",
        "hashed_secret": "4cd3a1b109eb67acf1557141e83880899d18eaea",
        "is_verified": false,
        "line_number": 780
      },
      {
        "type": "Base64 High Entropy String",
        "filename": "pnpm-lock.yaml",
        "hashed_secret": "5a4d96497ba98531c9c36ced1d043fbd8c535eff",
        "is_verified": false,
        "line_number": 784
      },
      {
        "type": "Base64 High Entropy String",
        "filename": "pnpm-lock.yaml",
        "hashed_secret": "979e2a14e4576c62a9748d7466bfa7f4f3a0620d",
        "is_verified": false,
        "line_number": 788
      },
      {
        "type": "Base64 High Entropy String",
        "filename": "pnpm-lock.yaml",
        "hashed_secret": "0d97c7fe1c124e07eb8bba42a86419c083ba0591",
        "is_verified": false,
        "line_number": 792
      },
      {
        "type": "Base64 High Entropy String",
        "filename": "pnpm-lock.yaml",
        "hashed_secret": "e07f2c68e0fe6abfac19da4e9dd0c81669de7078",
        "is_verified": false,
        "line_number": 796
      },
      {
        "type": "Base64 High Entropy String",
        "filename": "pnpm-lock.yaml",
        "hashed_secret": "b2cf47f1b9fba7e27a7f8d660b18e6b5f44b96c3",
        "is_verified": false,
        "line_number": 800
      },
      {
        "type": "Base64 High Entropy String",
        "filename": "pnpm-lock.yaml",
        "hashed_secret": "1a4cedb8b43b758521f2b5fbfcbb78a5f9128ed0",
        "is_verified": false,
        "line_number": 804
      },
      {
        "type": "Base64 High Entropy String",
        "filename": "pnpm-lock.yaml",
        "hashed_secret": "a85db4af9637720e23cce6f9da6605bef81c6d35",
        "is_verified": false,
        "line_number": 808
      },
      {
        "type": "Base64 High Entropy String",
        "filename": "pnpm-lock.yaml",
        "hashed_secret": "5bcb233a4cf6e79f65a75aa15e06169c85eabfc4",
        "is_verified": false,
        "line_number": 812
      },
      {
        "type": "Base64 High Entropy String",
        "filename": "pnpm-lock.yaml",
        "hashed_secret": "9cfd1c9ff642dd3f9093c2e68fda7b9daba943ca",
        "is_verified": false,
        "line_number": 816
      },
      {
        "type": "Base64 High Entropy String",
        "filename": "pnpm-lock.yaml",
        "hashed_secret": "1109544447e298af75035b2bbfc851610f963a65",
        "is_verified": false,
        "line_number": 820
      },
      {
        "type": "Base64 High Entropy String",
        "filename": "pnpm-lock.yaml",
        "hashed_secret": "e907e408e8ac716a2dc03c3a56283b57e5bb5c73",
        "is_verified": false,
        "line_number": 824
      },
      {
        "type": "Base64 High Entropy String",
        "filename": "pnpm-lock.yaml",
        "hashed_secret": "5856bd4cb3a23981807d6e537408344c13ffaada",
        "is_verified": false,
        "line_number": 827
      },
      {
        "type": "Base64 High Entropy String",
        "filename": "pnpm-lock.yaml",
        "hashed_secret": "c7c62cf4b1a3a7a3ba9a2bc1783b68f67677231e",
        "is_verified": false,
        "line_number": 830
      },
      {
        "type": "Base64 High Entropy String",
        "filename": "pnpm-lock.yaml",
        "hashed_secret": "3773d33c5207f8939a7a42e355daa3e28619cab1",
        "is_verified": false,
        "line_number": 839
      },
      {
        "type": "Base64 High Entropy String",
        "filename": "pnpm-lock.yaml",
        "hashed_secret": "88d5de50147c0a55cf86a9c79b0002573f21febe",
        "is_verified": false,
        "line_number": 844
      },
      {
        "type": "Base64 High Entropy String",
        "filename": "pnpm-lock.yaml",
        "hashed_secret": "87aff3c6c2e4719c7c068c625dc5c6bb833ab411",
        "is_verified": false,
        "line_number": 849
      },
      {
        "type": "Base64 High Entropy String",
        "filename": "pnpm-lock.yaml",
        "hashed_secret": "7ed5906c17ddd4e8330c8475dac722175e5e67c4",
        "is_verified": false,
        "line_number": 852
      },
      {
        "type": "Base64 High Entropy String",
        "filename": "pnpm-lock.yaml",
        "hashed_secret": "7aa924d4aef9f14c78acee8a31bcbd78b26e9898",
        "is_verified": false,
        "line_number": 855
      },
      {
        "type": "Base64 High Entropy String",
        "filename": "pnpm-lock.yaml",
        "hashed_secret": "1e2228f0d8e0fc2bc3b8740a8ff3d287006b9a38",
        "is_verified": false,
        "line_number": 859
      },
      {
        "type": "Base64 High Entropy String",
        "filename": "pnpm-lock.yaml",
        "hashed_secret": "87ae5db459dbd9fe4157473b016ae5ff5ef0f4ed",
        "is_verified": false,
        "line_number": 862
      },
      {
        "type": "Base64 High Entropy String",
        "filename": "pnpm-lock.yaml",
        "hashed_secret": "838abb1331a160bdd441c25a2a2d44332ee8694b",
        "is_verified": false,
        "line_number": 866
      },
      {
        "type": "Base64 High Entropy String",
        "filename": "pnpm-lock.yaml",
        "hashed_secret": "e6525dbd438fc8858b0d56c59d164f403792ba1e",
        "is_verified": false,
        "line_number": 870
      },
      {
        "type": "Base64 High Entropy String",
        "filename": "pnpm-lock.yaml",
        "hashed_secret": "06c654850ce93559d42fd5f657cbee6c4d9b47c5",
        "is_verified": false,
        "line_number": 874
      },
      {
        "type": "Base64 High Entropy String",
        "filename": "pnpm-lock.yaml",
        "hashed_secret": "805d9656080308c11cde7cb7f0310e12c7e60c48",
        "is_verified": false,
        "line_number": 878
      },
      {
        "type": "Base64 High Entropy String",
        "filename": "pnpm-lock.yaml",
        "hashed_secret": "5b6b494f771ff69c35ad46e17ec1f7da6eb8696e",
        "is_verified": false,
        "line_number": 881
      },
      {
        "type": "Base64 High Entropy String",
        "filename": "pnpm-lock.yaml",
        "hashed_secret": "53fd921326e7663d338ad03eaf2e6bad0f321a4b",
        "is_verified": false,
        "line_number": 886
      },
      {
        "type": "Base64 High Entropy String",
        "filename": "pnpm-lock.yaml",
        "hashed_secret": "68a6c01dfb378d086696e91cbace76da28b06dfc",
        "is_verified": false,
        "line_number": 890
      },
      {
        "type": "Base64 High Entropy String",
        "filename": "pnpm-lock.yaml",
        "hashed_secret": "a56ba07ec056b3f2abf7f6b6da7758f073a3b6db",
        "is_verified": false,
        "line_number": 893
      },
      {
        "type": "Base64 High Entropy String",
        "filename": "pnpm-lock.yaml",
        "hashed_secret": "d25f38e564eeda6402f558b3ad020bd05220df32",
        "is_verified": false,
        "line_number": 897
      },
      {
        "type": "Base64 High Entropy String",
        "filename": "pnpm-lock.yaml",
        "hashed_secret": "9235bcf425e49c5749d9f52ed67b13717efda795",
        "is_verified": false,
        "line_number": 900
      },
      {
        "type": "Base64 High Entropy String",
        "filename": "pnpm-lock.yaml",
        "hashed_secret": "4439cc784aca22e5cdf33ed6656f5b8b99eaa44d",
        "is_verified": false,
        "line_number": 903
      },
      {
        "type": "Base64 High Entropy String",
        "filename": "pnpm-lock.yaml",
        "hashed_secret": "84cbfec871cf2b178ab90fcc1f442fa369e99a02",
        "is_verified": false,
        "line_number": 906
      },
      {
        "type": "Base64 High Entropy String",
        "filename": "pnpm-lock.yaml",
        "hashed_secret": "9dd8b7bcb847f86a200200adcb41ae1230319c9a",
        "is_verified": false,
        "line_number": 910
      },
      {
        "type": "Base64 High Entropy String",
        "filename": "pnpm-lock.yaml",
        "hashed_secret": "ba8a4a4ea1707cd9c5a04000ad2a40c0890c22c6",
        "is_verified": false,
        "line_number": 915
      },
      {
        "type": "Base64 High Entropy String",
        "filename": "pnpm-lock.yaml",
        "hashed_secret": "d2dd9ebda8816cd5b1410beaed68e727087e0005",
        "is_verified": false,
        "line_number": 920
      },
      {
        "type": "Base64 High Entropy String",
        "filename": "pnpm-lock.yaml",
        "hashed_secret": "21ce40fa7b942491db7f5babb19538e726c27e8d",
        "is_verified": false,
        "line_number": 924
      },
      {
        "type": "Base64 High Entropy String",
        "filename": "pnpm-lock.yaml",
        "hashed_secret": "706884687450108cef742ef7b12010f29167a501",
        "is_verified": false,
        "line_number": 928
      },
      {
        "type": "Base64 High Entropy String",
        "filename": "pnpm-lock.yaml",
        "hashed_secret": "b5926cba843c4b956ab6a50f437514c78f7a2961",
        "is_verified": false,
        "line_number": 932
      },
      {
        "type": "Base64 High Entropy String",
        "filename": "pnpm-lock.yaml",
        "hashed_secret": "ef92e3e90926767f04ea05b4fc58e71019cf68d5",
        "is_verified": false,
        "line_number": 937
      },
      {
        "type": "Base64 High Entropy String",
        "filename": "pnpm-lock.yaml",
        "hashed_secret": "f34a89394a0994232941f2ade3808c3a9f4d2902",
        "is_verified": false,
        "line_number": 940
      },
      {
        "type": "Base64 High Entropy String",
        "filename": "pnpm-lock.yaml",
        "hashed_secret": "4716de6eb674b2d666583eb092da8b1c2303a795",
        "is_verified": false,
        "line_number": 944
      },
      {
        "type": "Base64 High Entropy String",
        "filename": "pnpm-lock.yaml",
        "hashed_secret": "8eb603f181d16409922883159c02899b089f6d60",
        "is_verified": false,
        "line_number": 948
      },
      {
        "type": "Base64 High Entropy String",
        "filename": "pnpm-lock.yaml",
        "hashed_secret": "bd7d118863c40f4485b7cf3611684f2e42d0ad8e",
        "is_verified": false,
        "line_number": 952
      },
      {
        "type": "Base64 High Entropy String",
        "filename": "pnpm-lock.yaml",
        "hashed_secret": "45ecac7de6bb42c56523ad2873cf8f9f5246a8d9",
        "is_verified": false,
        "line_number": 957
      },
      {
        "type": "Base64 High Entropy String",
        "filename": "pnpm-lock.yaml",
        "hashed_secret": "b0925124a2e491cc228ae05e9815cbd602807c6b",
        "is_verified": false,
        "line_number": 960
      },
      {
        "type": "Base64 High Entropy String",
        "filename": "pnpm-lock.yaml",
        "hashed_secret": "1508bbaf29927b5348d4df62823dab122a0d3b48",
        "is_verified": false,
        "line_number": 963
      },
      {
        "type": "Base64 High Entropy String",
        "filename": "pnpm-lock.yaml",
        "hashed_secret": "6c8d2de91b8087bf6f18c9b505ec528e2bafb7c4",
        "is_verified": false,
        "line_number": 966
      },
      {
        "type": "Base64 High Entropy String",
        "filename": "pnpm-lock.yaml",
        "hashed_secret": "e624c5279b887bafa9e8e6373349bdb9138708b8",
        "is_verified": false,
        "line_number": 970
      },
      {
        "type": "Base64 High Entropy String",
        "filename": "pnpm-lock.yaml",
        "hashed_secret": "dc84bd66761f714927258320c0bb8dae84587827",
        "is_verified": false,
        "line_number": 973
      },
      {
        "type": "Base64 High Entropy String",
        "filename": "pnpm-lock.yaml",
        "hashed_secret": "33e224ae0061fa6dc855702e88cad5e948136009",
        "is_verified": false,
        "line_number": 977
      },
      {
        "type": "Base64 High Entropy String",
        "filename": "pnpm-lock.yaml",
        "hashed_secret": "336d02c1e7195c5237197b5884304099ab15c6ba",
        "is_verified": false,
        "line_number": 980
      },
      {
        "type": "Base64 High Entropy String",
        "filename": "pnpm-lock.yaml",
        "hashed_secret": "b015b77432bd6d255596af7b2f552d8e8c91a7f7",
        "is_verified": false,
        "line_number": 984
      },
      {
        "type": "Base64 High Entropy String",
        "filename": "pnpm-lock.yaml",
        "hashed_secret": "c8fac131170b7bd907b0771e52111a64e940b2a5",
        "is_verified": false,
        "line_number": 987
      },
      {
        "type": "Base64 High Entropy String",
        "filename": "pnpm-lock.yaml",
        "hashed_secret": "bd781c148f26d1f4846c44ad3eb29636a326b436",
        "is_verified": false,
        "line_number": 990
      },
      {
        "type": "Base64 High Entropy String",
        "filename": "pnpm-lock.yaml",
        "hashed_secret": "eeacdd78906304066ade634711edfa3120b26515",
        "is_verified": false,
        "line_number": 994
      },
      {
        "type": "Base64 High Entropy String",
        "filename": "pnpm-lock.yaml",
        "hashed_secret": "2fbe8ab30e5355ea9d7538aec4d6c869562a0ed8",
        "is_verified": false,
        "line_number": 997
      },
      {
        "type": "Base64 High Entropy String",
        "filename": "pnpm-lock.yaml",
        "hashed_secret": "c8401648a1024646ca951addc1693d4600512ccc",
        "is_verified": false,
        "line_number": 1000
      },
      {
        "type": "Base64 High Entropy String",
        "filename": "pnpm-lock.yaml",
        "hashed_secret": "d6233dd65dfcbe4d7aaae3262255027e3185f41a",
        "is_verified": false,
        "line_number": 1004
      },
      {
        "type": "Base64 High Entropy String",
        "filename": "pnpm-lock.yaml",
        "hashed_secret": "f0661775df2ce05e6c49ee07d6003c0e831cda30",
        "is_verified": false,
        "line_number": 1008
      },
      {
        "type": "Base64 High Entropy String",
        "filename": "pnpm-lock.yaml",
        "hashed_secret": "6cc5afba59c5bd26a4795e037f5b9d1ef6cb2ce7",
        "is_verified": false,
        "line_number": 1012
      },
      {
        "type": "Base64 High Entropy String",
        "filename": "pnpm-lock.yaml",
        "hashed_secret": "324c69013b2b1138531752b1a3b60d78b08c5d8d",
        "is_verified": false,
        "line_number": 1015
      },
      {
        "type": "Base64 High Entropy String",
        "filename": "pnpm-lock.yaml",
        "hashed_secret": "72e7ed15b07c6f0fb80160dbe9fd03688cbb7ea9",
        "is_verified": false,
        "line_number": 1019
      },
      {
        "type": "Base64 High Entropy String",
        "filename": "pnpm-lock.yaml",
        "hashed_secret": "47a2a2576064434ef2f063e1f0a5eec8f5cac3a4",
        "is_verified": false,
        "line_number": 1023
      },
      {
        "type": "Base64 High Entropy String",
        "filename": "pnpm-lock.yaml",
        "hashed_secret": "8239574b4263502316ae4af75858c8537b8f9dc2",
        "is_verified": false,
        "line_number": 1027
      },
      {
        "type": "Base64 High Entropy String",
        "filename": "pnpm-lock.yaml",
        "hashed_secret": "7c43a5a81cdfc2d174e64e7441e07b48f610be0e",
        "is_verified": false,
        "line_number": 1032
      },
      {
        "type": "Base64 High Entropy String",
        "filename": "pnpm-lock.yaml",
        "hashed_secret": "f2f138a5ead5a6a39c60b357eada0cb5a3ef1179",
        "is_verified": false,
        "line_number": 1035
      },
      {
        "type": "Base64 High Entropy String",
        "filename": "pnpm-lock.yaml",
        "hashed_secret": "37d2b98cbde50409625c8c162831b151d758653e",
        "is_verified": false,
        "line_number": 1041
      },
      {
        "type": "Base64 High Entropy String",
        "filename": "pnpm-lock.yaml",
        "hashed_secret": "f4eabe4c5b9c05cd02ccca0f948086e5ee9fff43",
        "is_verified": false,
        "line_number": 1081
      },
      {
        "type": "Base64 High Entropy String",
        "filename": "pnpm-lock.yaml",
        "hashed_secret": "5c81cb3bbf077a30ebeea809bdba83483c8d5dd8",
        "is_verified": false,
        "line_number": 1122
      },
      {
        "type": "Base64 High Entropy String",
        "filename": "pnpm-lock.yaml",
        "hashed_secret": "e61969a88951f6908cebfd7860868ff6aa03ac5d",
        "is_verified": false,
        "line_number": 1126
      },
      {
        "type": "Base64 High Entropy String",
        "filename": "pnpm-lock.yaml",
        "hashed_secret": "63c5647d569cb91eae2e899230886e5d0f6142b8",
        "is_verified": false,
        "line_number": 1130
      },
      {
        "type": "Base64 High Entropy String",
        "filename": "pnpm-lock.yaml",
        "hashed_secret": "5b2f7f4e37d6b30d07f003ccad464736e7eca574",
        "is_verified": false,
        "line_number": 1135
      },
      {
        "type": "Base64 High Entropy String",
        "filename": "pnpm-lock.yaml",
        "hashed_secret": "a83323d73f45e76ce84e7f76ae13d71299152ba9",
        "is_verified": false,
        "line_number": 1139
      },
      {
        "type": "Base64 High Entropy String",
        "filename": "pnpm-lock.yaml",
        "hashed_secret": "95b02c02e7cb902e9603042bf77d2ce3b47d7dd1",
        "is_verified": false,
        "line_number": 1143
      },
      {
        "type": "Base64 High Entropy String",
        "filename": "pnpm-lock.yaml",
        "hashed_secret": "84dda596ef149bb74596521a22453b37de5542ba",
        "is_verified": false,
        "line_number": 1148
      },
      {
        "type": "Base64 High Entropy String",
        "filename": "pnpm-lock.yaml",
        "hashed_secret": "60f62b99a14507fe2d275d65d1bc793565396724",
        "is_verified": false,
        "line_number": 1160
      },
      {
        "type": "Base64 High Entropy String",
        "filename": "pnpm-lock.yaml",
        "hashed_secret": "d534a8643166b53f9b72f567856071d026b7d454",
        "is_verified": false,
        "line_number": 1164
      },
      {
        "type": "Base64 High Entropy String",
        "filename": "pnpm-lock.yaml",
        "hashed_secret": "c0665d268ee6985b4ce98c67b9c6c7502af11a25",
        "is_verified": false,
        "line_number": 1167
      },
      {
        "type": "Base64 High Entropy String",
        "filename": "pnpm-lock.yaml",
        "hashed_secret": "2a6ec2710324e581e13c5bd7ce5f78fd563b3db0",
        "is_verified": false,
        "line_number": 1170
      }
    ]
  },
  "generated_at": "2026-06-06T06:24:08Z"
}
