{
  "version": "1.5.0",
  "plugins_used": [
    {
      "name": "ArtifactoryDetector"
    },
    {
      "name": "AWSKeyDetector"
    },
    {
      "name": "AzureStorageKeyDetector"
    },
    {
      "name": "Base64HighEntropyString",
      "limit": 4.5
    },
    {
      "name": "BasicAuthDetector"
    },
    {
      "name": "CloudantDetector"
    },
    {
      "name": "DiscordBotTokenDetector"
    },
    {
      "name": "GitHubTokenDetector"
    },
    {
      "name": "GitLabTokenDetector"
    },
    {
      "name": "HexHighEntropyString",
      "limit": 3.0
    },
    {
      "name": "IbmCloudIamDetector"
    },
    {
      "name": "IbmCosHmacDetector"
    },
    {
      "name": "IPPublicDetector"
    },
    {
      "name": "JwtTokenDetector"
    },
    {
      "name": "KeywordDetector",
      "keyword_exclude": ""
    },
    {
      "name": "MailchimpDetector"
    },
    {
      "name": "NpmDetector"
    },
    {
      "name": "OpenAIDetector"
    },
    {
      "name": "PrivateKeyDetector"
    },
    {
      "name": "PypiTokenDetector"
    },
    {
      "name": "SendGridDetector"
    },
    {
      "name": "SlackDetector"
    },
    {
      "name": "SoftlayerDetector"
    },
    {
      "name": "SquareOAuthDetector"
    },
    {
      "name": "StripeDetector"
    },
    {
      "name": "TelegramBotTokenDetector"
    },
    {
      "name": "TwilioKeyDetector"
    }
  ],
  "filters_used": [
    {
      "path": "detect_secrets.filters.allowlist.is_line_allowlisted"
    },
    {
      "path": "detect_secrets.filters.common.is_ignored_due_to_verification_policies",
      "min_level": 2
    },
    {
      "path": "detect_secrets.filters.heuristic.is_indirect_reference"
    },
    {
      "path": "detect_secrets.filters.heuristic.is_likely_id_string"
    },
    {
      "path": "detect_secrets.filters.heuristic.is_lock_file"
    },
    {
      "path": "detect_secrets.filters.heuristic.is_not_alphanumeric_string"
    },
    {
      "path": "detect_secrets.filters.heuristic.is_potential_uuid"
    },
    {
      "path": "detect_secrets.filters.heuristic.is_prefixed_with_dollar_sign"
    },
    {
      "path": "detect_secrets.filters.heuristic.is_sequential_string"
    },
    {
      "path": "detect_secrets.filters.heuristic.is_swagger_file"
    },
    {
      "path": "detect_secrets.filters.heuristic.is_templated_secret"
    },
    {
      "path": "detect_secrets.filters.regex.should_exclude_file",
      "pattern": [
        "\\.secrets\\.baseline|sbom/"
      ]
    }
  ],
  "results": {
    "core/tests/test_security.py": [
      {
        "type": "Secret Keyword",
        "filename": "core/tests/test_security.py",
        "hashed_secret": "76272dc4faf660733711f58c736830d27159fb55",
        "is_verified": false,
        "line_number": 98
      }
    ],
    "pnpm-lock.yaml": [
      {
        "type": "Base64 High Entropy String",
        "filename": "pnpm-lock.yaml",
        "hashed_secret": "49b650692e9bc09546fd1f3a935da908ca5d02e1",
        "is_verified": false,
        "line_number": 81
      },
      {
        "type": "Base64 High Entropy String",
        "filename": "pnpm-lock.yaml",
        "hashed_secret": "a6b7a193f9685d14571c31a6a1b3add5e7887856",
        "is_verified": false,
        "line_number": 84
      },
      {
        "type": "Base64 High Entropy String",
        "filename": "pnpm-lock.yaml",
        "hashed_secret": "6f54e5f3cff0558a333012cb18a2f7704a4a694f",
        "is_verified": false,
        "line_number": 87
      },
      {
        "type": "Base64 High Entropy String",
        "filename": "pnpm-lock.yaml",
        "hashed_secret": "053d3cc06440fa00d827da7ad36f940aa850a4af",
        "is_verified": false,
        "line_number": 91
      },
      {
        "type": "Base64 High Entropy String",
        "filename": "pnpm-lock.yaml",
        "hashed_secret": "f00f2169d9ab47f9d8b0f28911b36269406a3ca1",
        "is_verified": false,
        "line_number": 95
      },
      {
        "type": "Base64 High Entropy String",
        "filename": "pnpm-lock.yaml",
        "hashed_secret": "214d20b57e6ca1c88c8f76e3845d6628590d82c5",
        "is_verified": false,
        "line_number": 99
      },
      {
        "type": "Base64 High Entropy String",
        "filename": "pnpm-lock.yaml",
        "hashed_secret": "a868ba6eefacc6159bc0d34cba6e4de2c94f74d6",
        "is_verified": false,
        "line_number": 103
      },
      {
        "type": "Base64 High Entropy String",
        "filename": "pnpm-lock.yaml",
        "hashed_secret": "7e73aadcec9d571573c9d69b05eb86866676554d",
        "is_verified": false,
        "line_number": 107
      },
      {
        "type": "Base64 High Entropy String",
        "filename": "pnpm-lock.yaml",
        "hashed_secret": "d99cc4a6e1f8f9fc502731fab1e7e07ffea6f5de",
        "is_verified": false,
        "line_number": 111
      },
      {
        "type": "Base64 High Entropy String",
        "filename": "pnpm-lock.yaml",
        "hashed_secret": "01d0aacfd0dfd22a34100a6d7e295f45ddfd1a46",
        "is_verified": false,
        "line_number": 115
      },
      {
        "type": "Base64 High Entropy String",
        "filename": "pnpm-lock.yaml",
        "hashed_secret": "a2ce47ad21bb78827336df0c25636c3809a3c66b",
        "is_verified": false,
        "line_number": 121
      },
      {
        "type": "Base64 High Entropy String",
        "filename": "pnpm-lock.yaml",
        "hashed_secret": "c3056715d6375ab9398baaf6907e8cfea57bcbbb",
        "is_verified": false,
        "line_number": 125
      },
      {
        "type": "Base64 High Entropy String",
        "filename": "pnpm-lock.yaml",
        "hashed_secret": "6a1911189662b59023c6d2d6d4e1fbc01421b619",
        "is_verified": false,
        "line_number": 129
      },
      {
        "type": "Base64 High Entropy String",
        "filename": "pnpm-lock.yaml",
        "hashed_secret": "39579301faa7a017a82dd3236e81c30c07c2e910",
        "is_verified": false,
        "line_number": 133
      },
      {
        "type": "Base64 High Entropy String",
        "filename": "pnpm-lock.yaml",
        "hashed_secret": "72cc6270c406d41a00b50b0b6f8fc6fabeb22423",
        "is_verified": false,
        "line_number": 137
      },
      {
        "type": "Base64 High Entropy String",
        "filename": "pnpm-lock.yaml",
        "hashed_secret": "ed1addc866563fc8c15dbf5f211b2b9a8ed125da",
        "is_verified": false,
        "line_number": 141
      },
      {
        "type": "Base64 High Entropy String",
        "filename": "pnpm-lock.yaml",
        "hashed_secret": "cead0d0e1de68ba98aacfdf33d606e45bf08c6d7",
        "is_verified": false,
        "line_number": 146
      },
      {
        "type": "Base64 High Entropy String",
        "filename": "pnpm-lock.yaml",
        "hashed_secret": "8c7cc3b327025c7273ee368e8edab2b47a48db2d",
        "is_verified": false,
        "line_number": 152
      },
      {
        "type": "Base64 High Entropy String",
        "filename": "pnpm-lock.yaml",
        "hashed_secret": "61b438d926a97729d4c06260292d5938f6f496e0",
        "is_verified": false,
        "line_number": 158
      },
      {
        "type": "Base64 High Entropy String",
        "filename": "pnpm-lock.yaml",
        "hashed_secret": "919374812fe535cec85dd4e074812cdf5534a310",
        "is_verified": false,
        "line_number": 162
      },
      {
        "type": "Base64 High Entropy String",
        "filename": "pnpm-lock.yaml",
        "hashed_secret": "27584a6b20e200f56d7ebc2ff8783fd0f8e31789",
        "is_verified": false,
        "line_number": 166
      },
      {
        "type": "Base64 High Entropy String",
        "filename": "pnpm-lock.yaml",
        "hashed_secret": "358d94c79d1fe9e2ad5a07f5d690231fec1c79ef",
        "is_verified": false,
        "line_number": 170
      },
      {
        "type": "Base64 High Entropy String",
        "filename": "pnpm-lock.yaml",
        "hashed_secret": "b77bcf9cfa531e940fc298899d0080339a73c0cb",
        "is_verified": false,
        "line_number": 174
      },
      {
        "type": "Base64 High Entropy String",
        "filename": "pnpm-lock.yaml",
        "hashed_secret": "e8cd0c3094835591836c8fa7935c7bbb6ee65add",
        "is_verified": false,
        "line_number": 178
      },
      {
        "type": "Base64 High Entropy String",
        "filename": "pnpm-lock.yaml",
        "hashed_secret": "61dd02eaf9c90ea54d73e26217afccd18e1c7af1",
        "is_verified": false,
        "line_number": 185
      },
      {
        "type": "Base64 High Entropy String",
        "filename": "pnpm-lock.yaml",
        "hashed_secret": "af969ffa1ace7a92c94e95f67c7a11b1094f3757",
        "is_verified": false,
        "line_number": 192
      },
      {
        "type": "Base64 High Entropy String",
        "filename": "pnpm-lock.yaml",
        "hashed_secret": "196c34fa3c4c886415ff6da9263c5c5e6060cd42",
        "is_verified": false,
        "line_number": 198
      },
      {
        "type": "Base64 High Entropy String",
        "filename": "pnpm-lock.yaml",
        "hashed_secret": "d1b8345cd5758682c4e2be076930b6dee81a8f0a",
        "is_verified": false,
        "line_number": 202
      },
      {
        "type": "Base64 High Entropy String",
        "filename": "pnpm-lock.yaml",
        "hashed_secret": "34fc2e926d119d522332afcf0b1e31be4943e728",
        "is_verified": false,
        "line_number": 208
      },
      {
        "type": "Base64 High Entropy String",
        "filename": "pnpm-lock.yaml",
        "hashed_secret": "ee9277ef9d8d4012e1b5e779ec43d5b9ec480348",
        "is_verified": false,
        "line_number": 214
      },
      {
        "type": "Base64 High Entropy String",
        "filename": "pnpm-lock.yaml",
        "hashed_secret": "b51ddd35a554c659b500b4c1169692da4f6cee67",
        "is_verified": false,
        "line_number": 220
      },
      {
        "type": "Base64 High Entropy String",
        "filename": "pnpm-lock.yaml",
        "hashed_secret": "552658965b8efb6ebaf095b54636a6d54c8e4a6b",
        "is_verified": false,
        "line_number": 226
      },
      {
        "type": "Base64 High Entropy String",
        "filename": "pnpm-lock.yaml",
        "hashed_secret": "04e50569b26a331d6327f95e0a43e04435017c25",
        "is_verified": false,
        "line_number": 232
      },
      {
        "type": "Base64 High Entropy String",
        "filename": "pnpm-lock.yaml",
        "hashed_secret": "f427b0533ef2217b7b65d4be9d69dfb98e234645",
        "is_verified": false,
        "line_number": 238
      },
      {
        "type": "Base64 High Entropy String",
        "filename": "pnpm-lock.yaml",
        "hashed_secret": "3f10b09e053c0d12d409925cdbee129e15aee7ee",
        "is_verified": false,
        "line_number": 244
      },
      {
        "type": "Base64 High Entropy String",
        "filename": "pnpm-lock.yaml",
        "hashed_secret": "7cb36fd100cc7d0102797bb6a79a28f2c4a2a33d",
        "is_verified": false,
        "line_number": 250
      },
      {
        "type": "Base64 High Entropy String",
        "filename": "pnpm-lock.yaml",
        "hashed_secret": "2acca17ade2dd33b015ab19d80c162e241749350",
        "is_verified": false,
        "line_number": 256
      },
      {
        "type": "Base64 High Entropy String",
        "filename": "pnpm-lock.yaml",
        "hashed_secret": "970ba53b3d18d68bf94e8458ec9c1b6326188d4f",
        "is_verified": false,
        "line_number": 262
      },
      {
        "type": "Base64 High Entropy String",
        "filename": "pnpm-lock.yaml",
        "hashed_secret": "5d012814b5566671037c067991ea81d19cd07cbf",
        "is_verified": false,
        "line_number": 268
      },
      {
        "type": "Base64 High Entropy String",
        "filename": "pnpm-lock.yaml",
        "hashed_secret": "e0ed8c59207e32883f7f1b4b33356054c4214245",
        "is_verified": false,
        "line_number": 274
      },
      {
        "type": "Base64 High Entropy String",
        "filename": "pnpm-lock.yaml",
        "hashed_secret": "fa4f8c78da34eeb842b7c58de563aa7feabcb7b9",
        "is_verified": false,
        "line_number": 280
      },
      {
        "type": "Base64 High Entropy String",
        "filename": "pnpm-lock.yaml",
        "hashed_secret": "762142615ab1dc453cd4c6e0d16d9abff71f7c3b",
        "is_verified": false,
        "line_number": 286
      },
      {
        "type": "Base64 High Entropy String",
        "filename": "pnpm-lock.yaml",
        "hashed_secret": "6385b43929b2ca3cd3fc11ddc7c9429aa6799e95",
        "is_verified": false,
        "line_number": 292
      },
      {
        "type": "Base64 High Entropy String",
        "filename": "pnpm-lock.yaml",
        "hashed_secret": "3f729bd8163365c1bc85737b1a5091cb37d83829",
        "is_verified": false,
        "line_number": 298
      },
      {
        "type": "Base64 High Entropy String",
        "filename": "pnpm-lock.yaml",
        "hashed_secret": "00fbf776f031ec28f109bdb0502c86883d29ac01",
        "is_verified": false,
        "line_number": 304
      },
      {
        "type": "Base64 High Entropy String",
        "filename": "pnpm-lock.yaml",
        "hashed_secret": "afabc9199b55dca97a779220cf30689beace5333",
        "is_verified": false,
        "line_number": 310
      },
      {
        "type": "Base64 High Entropy String",
        "filename": "pnpm-lock.yaml",
        "hashed_secret": "7cdd98d664bd97065578d2af7b793094d23fedb7",
        "is_verified": false,
        "line_number": 316
      },
      {
        "type": "Base64 High Entropy String",
        "filename": "pnpm-lock.yaml",
        "hashed_secret": "611d19d8a4d5842d0970db276cdd09ae44de3df6",
        "is_verified": false,
        "line_number": 322
      },
      {
        "type": "Base64 High Entropy String",
        "filename": "pnpm-lock.yaml",
        "hashed_secret": "20e89c354326f9aebacc5df3bcb782d7b36edf88",
        "is_verified": false,
        "line_number": 328
      },
      {
        "type": "Base64 High Entropy String",
        "filename": "pnpm-lock.yaml",
        "hashed_secret": "ff07375cb2a21e51b33412e3316544b3c5d575a1",
        "is_verified": false,
        "line_number": 334
      },
      {
        "type": "Base64 High Entropy String",
        "filename": "pnpm-lock.yaml",
        "hashed_secret": "c93372223d2b5bbe594d85bfc0d21dfafea217b5",
        "is_verified": false,
        "line_number": 340
      },
      {
        "type": "Base64 High Entropy String",
        "filename": "pnpm-lock.yaml",
        "hashed_secret": "6e1232ec19c19bb978ed3a5bf123312c5648df9d",
        "is_verified": false,
        "line_number": 346
      },
      {
        "type": "Base64 High Entropy String",
        "filename": "pnpm-lock.yaml",
        "hashed_secret": "5fd341ad5e6bff70186ba90c6b39ca49c19fe297",
        "is_verified": false,
        "line_number": 352
      },
      {
        "type": "Base64 High Entropy String",
        "filename": "pnpm-lock.yaml",
        "hashed_secret": "8733ba82d33885a92ca3009eb6ba61e505a1ee9a",
        "is_verified": false,
        "line_number": 358
      },
      {
        "type": "Base64 High Entropy String",
        "filename": "pnpm-lock.yaml",
        "hashed_secret": "3e3522c83d724aa4133ee6bb6d627e4390be31a5",
        "is_verified": false,
        "line_number": 361
      },
      {
        "type": "Base64 High Entropy String",
        "filename": "pnpm-lock.yaml",
        "hashed_secret": "9d1b9dbec9f048e048f4dd38591947ca7deff5dd",
        "is_verified": false,
        "line_number": 364
      },
      {
        "type": "Base64 High Entropy String",
        "filename": "pnpm-lock.yaml",
        "hashed_secret": "f60c00cacddf514ad090fbde7005d8721adc0b89",
        "is_verified": false,
        "line_number": 368
      },
      {
        "type": "Base64 High Entropy String",
        "filename": "pnpm-lock.yaml",
        "hashed_secret": "b0e9cbf320ebe74507bcdaae3f0b40740459a092",
        "is_verified": false,
        "line_number": 371
      },
      {
        "type": "Base64 High Entropy String",
        "filename": "pnpm-lock.yaml",
        "hashed_secret": "b5b6d48460f3ce7c0ee71c156fa178805b4b632c",
        "is_verified": false,
        "line_number": 374
      },
      {
        "type": "Base64 High Entropy String",
        "filename": "pnpm-lock.yaml",
        "hashed_secret": "5b9d40719225dc3ebfa01d4c852494701c44bb1e",
        "is_verified": false,
        "line_number": 379
      },
      {
        "type": "Base64 High Entropy String",
        "filename": "pnpm-lock.yaml",
        "hashed_secret": "d29a235790f3969c4c6e0d703fb76ed6d4c43435",
        "is_verified": false,
        "line_number": 382
      },
      {
        "type": "Base64 High Entropy String",
        "filename": "pnpm-lock.yaml",
        "hashed_secret": "7d824c6ca93139a2ef69c3be605e0d8d8e6b38a7",
        "is_verified": false,
        "line_number": 387
      },
      {
        "type": "Base64 High Entropy String",
        "filename": "pnpm-lock.yaml",
        "hashed_secret": "66e5de60cefee3971bba2b10f4d0af80657dc224",
        "is_verified": false,
        "line_number": 392
      },
      {
        "type": "Base64 High Entropy String",
        "filename": "pnpm-lock.yaml",
        "hashed_secret": "6de03aefa185466ec842a0400821b760ef61066f",
        "is_verified": false,
        "line_number": 397
      },
      {
        "type": "Base64 High Entropy String",
        "filename": "pnpm-lock.yaml",
        "hashed_secret": "0d3d9c8caf3da1018fcf8efc3f5484e69ae07322",
        "is_verified": false,
        "line_number": 402
      },
      {
        "type": "Base64 High Entropy String",
        "filename": "pnpm-lock.yaml",
        "hashed_secret": "621a35c8e1a5b26eab96988148601c6a2a6d46f5",
        "is_verified": false,
        "line_number": 407
      },
      {
        "type": "Base64 High Entropy String",
        "filename": "pnpm-lock.yaml",
        "hashed_secret": "7c15d4effdd4a6d803384035b162e6b1d2228d6f",
        "is_verified": false,
        "line_number": 412
      },
      {
        "type": "Base64 High Entropy String",
        "filename": "pnpm-lock.yaml",
        "hashed_secret": "65a0a488fd9e53fe8e54f635b3050a04eb7a4407",
        "is_verified": false,
        "line_number": 418
      },
      {
        "type": "Base64 High Entropy String",
        "filename": "pnpm-lock.yaml",
        "hashed_secret": "6cb6c04f59114c7b1046914d1add94c11d65e19a",
        "is_verified": false,
        "line_number": 424
      },
      {
        "type": "Base64 High Entropy String",
        "filename": "pnpm-lock.yaml",
        "hashed_secret": "79125428e5eb3cd81cd457e0b96aa96c50901501",
        "is_verified": false,
        "line_number": 430
      },
      {
        "type": "Base64 High Entropy String",
        "filename": "pnpm-lock.yaml",
        "hashed_secret": "c6074ecbc1d0713b79c98154981bd6f30eeae699",
        "is_verified": false,
        "line_number": 436
      },
      {
        "type": "Base64 High Entropy String",
        "filename": "pnpm-lock.yaml",
        "hashed_secret": "3e201ed4e710ec94b6cbd23efdc52a2838eed750",
        "is_verified": false,
        "line_number": 442
      },
      {
        "type": "Base64 High Entropy String",
        "filename": "pnpm-lock.yaml",
        "hashed_secret": "d17e052921288ce5ef3e8f762ef45913e310c5c3",
        "is_verified": false,
        "line_number": 448
      },
      {
        "type": "Base64 High Entropy String",
        "filename": "pnpm-lock.yaml",
        "hashed_secret": "665ec5fc79abb48b8a5bef21dab14f492c10615d",
        "is_verified": false,
        "line_number": 454
      },
      {
        "type": "Base64 High Entropy String",
        "filename": "pnpm-lock.yaml",
        "hashed_secret": "b058eea6a4a92959a3e4b9336b46f4ddfbfb90b0",
        "is_verified": false,
        "line_number": 460
      },
      {
        "type": "Base64 High Entropy String",
        "filename": "pnpm-lock.yaml",
        "hashed_secret": "92eca0684180518028d1fd9eb28cc352c823fd46",
        "is_verified": false,
        "line_number": 466
      },
      {
        "type": "Base64 High Entropy String",
        "filename": "pnpm-lock.yaml",
        "hashed_secret": "95a92358a5bd8405744bb56ba0e4efb586dd9812",
        "is_verified": false,
        "line_number": 472
      },
      {
        "type": "Base64 High Entropy String",
        "filename": "pnpm-lock.yaml",
        "hashed_secret": "eba74fd5691dca8a871f483f76323461a5b00faa",
        "is_verified": false,
        "line_number": 478
      },
      {
        "type": "Base64 High Entropy String",
        "filename": "pnpm-lock.yaml",
        "hashed_secret": "cc83fa79f3b9460c411d55889dc846ea4d930c9a",
        "is_verified": false,
        "line_number": 484
      },
      {
        "type": "Base64 High Entropy String",
        "filename": "pnpm-lock.yaml",
        "hashed_secret": "85c4e3a915598136629a2696422c97d9b78842f7",
        "is_verified": false,
        "line_number": 490
      },
      {
        "type": "Base64 High Entropy String",
        "filename": "pnpm-lock.yaml",
        "hashed_secret": "50c15a9b974179971048152c10025d24f29f4bcf",
        "is_verified": false,
        "line_number": 495
      },
      {
        "type": "Base64 High Entropy String",
        "filename": "pnpm-lock.yaml",
        "hashed_secret": "be83acc9ac0f08f97a9070f22b323923c282f0c3",
        "is_verified": false,
        "line_number": 500
      },
      {
        "type": "Base64 High Entropy String",
        "filename": "pnpm-lock.yaml",
        "hashed_secret": "2d6ea7b5fe91c32b96b3496bf3d600fe63ad937c",
        "is_verified": false,
        "line_number": 505
      },
      {
        "type": "Base64 High Entropy String",
        "filename": "pnpm-lock.yaml",
        "hashed_secret": "d91afd4343699958c7ee05c22fc6860d8811df10",
        "is_verified": false,
        "line_number": 510
      },
      {
        "type": "Base64 High Entropy String",
        "filename": "pnpm-lock.yaml",
        "hashed_secret": "a38886503bed950d27465d8cb703a8380bf6e13f",
        "is_verified": false,
        "line_number": 515
      },
      {
        "type": "Base64 High Entropy String",
        "filename": "pnpm-lock.yaml",
        "hashed_secret": "1e9ff9fee5ad181d3f63618e0267e8ad42826e83",
        "is_verified": false,
        "line_number": 520
      },
      {
        "type": "Base64 High Entropy String",
        "filename": "pnpm-lock.yaml",
        "hashed_secret": "e0cad2c1c2babcee39a4c25ea773656432e980b5",
        "is_verified": false,
        "line_number": 523
      },
      {
        "type": "Base64 High Entropy String",
        "filename": "pnpm-lock.yaml",
        "hashed_secret": "4f30f4179bf6aad2e2db264609aca318cddd0299",
        "is_verified": false,
        "line_number": 527
      },
      {
        "type": "Base64 High Entropy String",
        "filename": "pnpm-lock.yaml",
        "hashed_secret": "b09adb7e7627fd788edd03017f0e834f5647d5a6",
        "is_verified": false,
        "line_number": 531
      },
      {
        "type": "Base64 High Entropy String",
        "filename": "pnpm-lock.yaml",
        "hashed_secret": "23b847f3370f612113c53bca00cffae8e46fb58b",
        "is_verified": false,
        "line_number": 546
      },
      {
        "type": "Base64 High Entropy String",
        "filename": "pnpm-lock.yaml",
        "hashed_secret": "50a0bc6ed4bd15cd54a9ef3e744d9e367b1ee0b2",
        "is_verified": false,
        "line_number": 549
      },
      {
        "type": "Base64 High Entropy String",
        "filename": "pnpm-lock.yaml",
        "hashed_secret": "f161e2b04f8faa8a514998b846300c0e52e3dde4",
        "is_verified": false,
        "line_number": 552
      },
      {
        "type": "Base64 High Entropy String",
        "filename": "pnpm-lock.yaml",
        "hashed_secret": "21a255bacab0430cf0dd455985ab2ac363136cdb",
        "is_verified": false,
        "line_number": 555
      },
      {
        "type": "Base64 High Entropy String",
        "filename": "pnpm-lock.yaml",
        "hashed_secret": "146791ae0b950340d17de1ffbda27158f3e8be1c",
        "is_verified": false,
        "line_number": 558
      },
      {
        "type": "Base64 High Entropy String",
        "filename": "pnpm-lock.yaml",
        "hashed_secret": "7739c7a36e8b5c9759887d54c3d3a252d017cb71",
        "is_verified": false,
        "line_number": 561
      },
      {
        "type": "Base64 High Entropy String",
        "filename": "pnpm-lock.yaml",
        "hashed_secret": "c2fa7f2e1f8c5eb1df08c76cc8a209e90f90717d",
        "is_verified": false,
        "line_number": 564
      },
      {
        "type": "Base64 High Entropy String",
        "filename": "pnpm-lock.yaml",
        "hashed_secret": "d4dda0583372eb865e22ea00ae160ceb315aa0df",
        "is_verified": false,
        "line_number": 567
      },
      {
        "type": "Base64 High Entropy String",
        "filename": "pnpm-lock.yaml",
        "hashed_secret": "20bd9f1e82cc3f128d819fa043e4d8be985394dc",
        "is_verified": false,
        "line_number": 570
      },
      {
        "type": "Base64 High Entropy String",
        "filename": "pnpm-lock.yaml",
        "hashed_secret": "fa52615bd39e56c7366b834e0c9b496bbb96f043",
        "is_verified": false,
        "line_number": 573
      },
      {
        "type": "Base64 High Entropy String",
        "filename": "pnpm-lock.yaml",
        "hashed_secret": "c554198dff4b9d03e4fed41f9f60ab0f15c68690",
        "is_verified": false,
        "line_number": 576
      },
      {
        "type": "Base64 High Entropy String",
        "filename": "pnpm-lock.yaml",
        "hashed_secret": "7a734bb2b865c8090c992da81fb88b47856d04e3",
        "is_verified": false,
        "line_number": 579
      },
      {
        "type": "Base64 High Entropy String",
        "filename": "pnpm-lock.yaml",
        "hashed_secret": "7101ee1815ba5a49e02c80e26cd1a18095cf9e33",
        "is_verified": false,
        "line_number": 582
      },
      {
        "type": "Base64 High Entropy String",
        "filename": "pnpm-lock.yaml",
        "hashed_secret": "5ddf3c05cbc708b3f11d56ee4aee58303a9229a0",
        "is_verified": false,
        "line_number": 585
      },
      {
        "type": "Base64 High Entropy String",
        "filename": "pnpm-lock.yaml",
        "hashed_secret": "315f040aced6f2876d3822561a1f658a735f0327",
        "is_verified": false,
        "line_number": 588
      },
      {
        "type": "Base64 High Entropy String",
        "filename": "pnpm-lock.yaml",
        "hashed_secret": "050aa90d276355b9c8138ffcce8c1b24f970b214",
        "is_verified": false,
        "line_number": 593
      },
      {
        "type": "Base64 High Entropy String",
        "filename": "pnpm-lock.yaml",
        "hashed_secret": "82e9b248cdbed101133fcd9229632ccd3e00d416",
        "is_verified": false,
        "line_number": 596
      },
      {
        "type": "Base64 High Entropy String",
        "filename": "pnpm-lock.yaml",
        "hashed_secret": "3b3fdad4fa80ae8473e0304fe52e0cd272ef2a11",
        "is_verified": false,
        "line_number": 599
      },
      {
        "type": "Base64 High Entropy String",
        "filename": "pnpm-lock.yaml",
        "hashed_secret": "af0f3ac58eb2956add5f2fa19eaf71373ace48e1",
        "is_verified": false,
        "line_number": 602
      },
      {
        "type": "Base64 High Entropy String",
        "filename": "pnpm-lock.yaml",
        "hashed_secret": "99e538842547d75c6beb69e79fab163102fb89a0",
        "is_verified": false,
        "line_number": 605
      },
      {
        "type": "Base64 High Entropy String",
        "filename": "pnpm-lock.yaml",
        "hashed_secret": "aeea04934edf137499a9f18d68c8f2626e2794e4",
        "is_verified": false,
        "line_number": 611
      },
      {
        "type": "Base64 High Entropy String",
        "filename": "pnpm-lock.yaml",
        "hashed_secret": "223048508f0d737013d49bf59e3968ac299b8a99",
        "is_verified": false,
        "line_number": 614
      },
      {
        "type": "Base64 High Entropy String",
        "filename": "pnpm-lock.yaml",
        "hashed_secret": "e9bf04220456ddd9f7e8b92be81d882ba206ef2b",
        "is_verified": false,
        "line_number": 625
      },
      {
        "type": "Base64 High Entropy String",
        "filename": "pnpm-lock.yaml",
        "hashed_secret": "11c2a60c63d4dbb71e847c5e9b2a5d0725aad931",
        "is_verified": false,
        "line_number": 628
      },
      {
        "type": "Base64 High Entropy String",
        "filename": "pnpm-lock.yaml",
        "hashed_secret": "0c5cebcce1962476bddc9e0f9396b44ef06fa138",
        "is_verified": false,
        "line_number": 631
      },
      {
        "type": "Base64 High Entropy String",
        "filename": "pnpm-lock.yaml",
        "hashed_secret": "00a18f0555ea372c6aa4925456238af253552b77",
        "is_verified": false,
        "line_number": 634
      },
      {
        "type": "Base64 High Entropy String",
        "filename": "pnpm-lock.yaml",
        "hashed_secret": "98ff88250b0b0018e25e9d3e37a3852065ba8ad8",
        "is_verified": false,
        "line_number": 637
      },
      {
        "type": "Base64 High Entropy String",
        "filename": "pnpm-lock.yaml",
        "hashed_secret": "c4500f6ef6d71520147cb4cf42394ed23891d064",
        "is_verified": false,
        "line_number": 640
      },
      {
        "type": "Base64 High Entropy String",
        "filename": "pnpm-lock.yaml",
        "hashed_secret": "35ca90e5fa9b87427a5ff8b3f333a7b7d45fc260",
        "is_verified": false,
        "line_number": 644
      },
      {
        "type": "Base64 High Entropy String",
        "filename": "pnpm-lock.yaml",
        "hashed_secret": "371ce323d657e273939fdad274085642a4da69de",
        "is_verified": false,
        "line_number": 648
      },
      {
        "type": "Base64 High Entropy String",
        "filename": "pnpm-lock.yaml",
        "hashed_secret": "d032728a18c71c0a8e3f18b060f12d1ab9755c47",
        "is_verified": false,
        "line_number": 652
      },
      {
        "type": "Base64 High Entropy String",
        "filename": "pnpm-lock.yaml",
        "hashed_secret": "b8434babdebe87a28a32c342a9ed215e5fe43378",
        "is_verified": false,
        "line_number": 655
      },
      {
        "type": "Base64 High Entropy String",
        "filename": "pnpm-lock.yaml",
        "hashed_secret": "1c504c77e2b9f1ea0e1770e65673fd7f8b3f4c8f",
        "is_verified": false,
        "line_number": 659
      },
      {
        "type": "Base64 High Entropy String",
        "filename": "pnpm-lock.yaml",
        "hashed_secret": "599395997c127ee79a03df8cbc9c57d9c5c4b39b",
        "is_verified": false,
        "line_number": 663
      },
      {
        "type": "Base64 High Entropy String",
        "filename": "pnpm-lock.yaml",
        "hashed_secret": "ce4084b9c766db59d8efac9df450a2ec42ca3639",
        "is_verified": false,
        "line_number": 666
      },
      {
        "type": "Base64 High Entropy String",
        "filename": "pnpm-lock.yaml",
        "hashed_secret": "01414c54fd6db37c26544b830402afd3c66a4bd8",
        "is_verified": false,
        "line_number": 669
      },
      {
        "type": "Base64 High Entropy String",
        "filename": "pnpm-lock.yaml",
        "hashed_secret": "b83c83894d873c027ba4615d15104944324378f4",
        "is_verified": false,
        "line_number": 674
      },
      {
        "type": "Base64 High Entropy String",
        "filename": "pnpm-lock.yaml",
        "hashed_secret": "09ce1f68022d542bd4b111b2e648b4261e7ea537",
        "is_verified": false,
        "line_number": 679
      },
      {
        "type": "Base64 High Entropy String",
        "filename": "pnpm-lock.yaml",
        "hashed_secret": "b7667451beea27263dbd9a8fc3de00b3016fe01b",
        "is_verified": false,
        "line_number": 683
      },
      {
        "type": "Base64 High Entropy String",
        "filename": "pnpm-lock.yaml",
        "hashed_secret": "76ee5d005d74b14bfcf949a0b24859a1ad611560",
        "is_verified": false,
        "line_number": 686
      },
      {
        "type": "Base64 High Entropy String",
        "filename": "pnpm-lock.yaml",
        "hashed_secret": "bc23715592b7602434c2776230d19f43fc479898",
        "is_verified": false,
        "line_number": 689
      },
      {
        "type": "Base64 High Entropy String",
        "filename": "pnpm-lock.yaml",
        "hashed_secret": "838860fad35a9938ad0c45978737609b9acf2e86",
        "is_verified": false,
        "line_number": 693
      },
      {
        "type": "Base64 High Entropy String",
        "filename": "pnpm-lock.yaml",
        "hashed_secret": "a3c954fbcfcb5b1c2087ff1e1a592601ebd0d7f0",
        "is_verified": false,
        "line_number": 696
      },
      {
        "type": "Base64 High Entropy String",
        "filename": "pnpm-lock.yaml",
        "hashed_secret": "40b0aef4115b2c0ecffb2e2c74e6e67d01b84997",
        "is_verified": false,
        "line_number": 699
      },
      {
        "type": "Base64 High Entropy String",
        "filename": "pnpm-lock.yaml",
        "hashed_secret": "ed1668ceb8dc6aaabcb871317d585a5edf44c0bf",
        "is_verified": false,
        "line_number": 702
      },
      {
        "type": "Base64 High Entropy String",
        "filename": "pnpm-lock.yaml",
        "hashed_secret": "83307cb75a4a44ba528f4a0aefcec2a8018dc6d8",
        "is_verified": false,
        "line_number": 705
      },
      {
        "type": "Base64 High Entropy String",
        "filename": "pnpm-lock.yaml",
        "hashed_secret": "67df7123f1b2c84bf066bc3e6fb4834aa022e20b",
        "is_verified": false,
        "line_number": 709
      },
      {
        "type": "Base64 High Entropy String",
        "filename": "pnpm-lock.yaml",
        "hashed_secret": "08c8ee0987f57add8cd4071488caef8ec431336a",
        "is_verified": false,
        "line_number": 712
      },
      {
        "type": "Base64 High Entropy String",
        "filename": "pnpm-lock.yaml",
        "hashed_secret": "bf2a7aa50ec6063cbb616daadb50eec0213fa61f",
        "is_verified": false,
        "line_number": 715
      },
      {
        "type": "Base64 High Entropy String",
        "filename": "pnpm-lock.yaml",
        "hashed_secret": "54a43bbc3347478addf329caeb7193802e16ed40",
        "is_verified": false,
        "line_number": 718
      },
      {
        "type": "Base64 High Entropy String",
        "filename": "pnpm-lock.yaml",
        "hashed_secret": "a35cbc541c025ba5ccef5ca780a743f94848a218",
        "is_verified": false,
        "line_number": 722
      },
      {
        "type": "Base64 High Entropy String",
        "filename": "pnpm-lock.yaml",
        "hashed_secret": "b2842d1820be756380aa1a279474505df803ec95",
        "is_verified": false,
        "line_number": 725
      },
      {
        "type": "Base64 High Entropy String",
        "filename": "pnpm-lock.yaml",
        "hashed_secret": "d45062677e99f28b9a98f4b53e9af8f56b01bb10",
        "is_verified": false,
        "line_number": 729
      },
      {
        "type": "Base64 High Entropy String",
        "filename": "pnpm-lock.yaml",
        "hashed_secret": "cf3e48f5af3fca6bb9135acdee135247bcae1307",
        "is_verified": false,
        "line_number": 738
      },
      {
        "type": "Base64 High Entropy String",
        "filename": "pnpm-lock.yaml",
        "hashed_secret": "9565b61bcf2aafa2128576569978e338bdd1a0bc",
        "is_verified": false,
        "line_number": 741
      },
      {
        "type": "Base64 High Entropy String",
        "filename": "pnpm-lock.yaml",
        "hashed_secret": "6263b491d8e05bc0d6bc8b232c3a06044db2232c",
        "is_verified": false,
        "line_number": 744
      },
      {
        "type": "Base64 High Entropy String",
        "filename": "pnpm-lock.yaml",
        "hashed_secret": "d031e18cc14e54a719197084af4cd6b2372fd005",
        "is_verified": false,
        "line_number": 748
      },
      {
        "type": "Base64 High Entropy String",
        "filename": "pnpm-lock.yaml",
        "hashed_secret": "dbaf8941e1df2a6cc0af186ab8c288162c591d75",
        "is_verified": false,
        "line_number": 752
      },
      {
        "type": "Base64 High Entropy String",
        "filename": "pnpm-lock.yaml",
        "hashed_secret": "c02b39bafb6389010b678e8a4714d2ddfb10fe59",
        "is_verified": false,
        "line_number": 755
      },
      {
        "type": "Base64 High Entropy String",
        "filename": "pnpm-lock.yaml",
        "hashed_secret": "46a4e83f9f3f3670ec1cf4445789431038008dc2",
        "is_verified": false,
        "line_number": 758
      },
      {
        "type": "Base64 High Entropy String",
        "filename": "pnpm-lock.yaml",
        "hashed_secret": "79119667cecad09809c34832b1f2b650b5ccded7",
        "is_verified": false,
        "line_number": 761
      },
      {
        "type": "Base64 High Entropy String",
        "filename": "pnpm-lock.yaml",
        "hashed_secret": "8ce4fda648bd2ce2f0483b5612bd6d77cd733c78",
        "is_verified": false,
        "line_number": 765
      },
      {
        "type": "Base64 High Entropy String",
        "filename": "pnpm-lock.yaml",
        "hashed_secret": "b32dc7581438839b3baa8cbb9dafcc80017588ea",
        "is_verified": false,
        "line_number": 768
      },
      {
        "type": "Base64 High Entropy String",
        "filename": "pnpm-lock.yaml",
        "hashed_secret": "6d1db030d72c8b03fd95eaeb0266255402f70df5",
        "is_verified": false,
        "line_number": 772
      },
      {
        "type": "Base64 High Entropy String",
        "filename": "pnpm-lock.yaml",
        "hashed_secret": "cf75ddffbc923b32123e91e069fbcb97ac39c4d9",
        "is_verified": false,
        "line_number": 776
      },
      {
        "type": "Base64 High Entropy String",
        "filename": "pnpm-lock.yaml",
        "hashed_secret": "d3bc9e85ef73bc81be3c9767f7c26c7600f357c0",
        "is_verified": false,
        "line_number": 780
      },
      {
        "type": "Base64 High Entropy String",
        "filename": "pnpm-lock.yaml",
        "hashed_secret": "3a5216756ea514ee529bd716ec9b6abb95caae43",
        "is_verified": false,
        "line_number": 783
      },
      {
        "type": "Base64 High Entropy String",
        "filename": "pnpm-lock.yaml",
        "hashed_secret": "e28508e3ee2cfadee43ef9cfb9bb3b5d5d8ef5af",
        "is_verified": false,
        "line_number": 787
      },
      {
        "type": "Base64 High Entropy String",
        "filename": "pnpm-lock.yaml",
        "hashed_secret": "bf4a0e0cb4a648f94a1ceff84d8070ab01b0df0e",
        "is_verified": false,
        "line_number": 791
      },
      {
        "type": "Base64 High Entropy String",
        "filename": "pnpm-lock.yaml",
        "hashed_secret": "3cb8e7a708267691af8530db673cae1ad0578392",
        "is_verified": false,
        "line_number": 796
      },
      {
        "type": "Base64 High Entropy String",
        "filename": "pnpm-lock.yaml",
        "hashed_secret": "9282693a1a1e5f8fadcc1617db1f7a097db8429b",
        "is_verified": false,
        "line_number": 800
      },
      {
        "type": "Base64 High Entropy String",
        "filename": "pnpm-lock.yaml",
        "hashed_secret": "aabf9f3ccb818057fe7b956cb56b9c011e002839",
        "is_verified": false,
        "line_number": 804
      },
      {
        "type": "Base64 High Entropy String",
        "filename": "pnpm-lock.yaml",
        "hashed_secret": "763f4272f5426f2cb52dd90f1f6a490a4ce61418",
        "is_verified": false,
        "line_number": 807
      },
      {
        "type": "Base64 High Entropy String",
        "filename": "pnpm-lock.yaml",
        "hashed_secret": "16d0c877fca994fd1c43bd7f131be967bf4f87b6",
        "is_verified": false,
        "line_number": 810
      },
      {
        "type": "Base64 High Entropy String",
        "filename": "pnpm-lock.yaml",
        "hashed_secret": "acce4ef8d841ffa646256da3af7b79ad5cb78158",
        "is_verified": false,
        "line_number": 814
      },
      {
        "type": "Base64 High Entropy String",
        "filename": "pnpm-lock.yaml",
        "hashed_secret": "16fa3bfaeef78e32910c87baf9060e51490d09ad",
        "is_verified": false,
        "line_number": 817
      },
      {
        "type": "Base64 High Entropy String",
        "filename": "pnpm-lock.yaml",
        "hashed_secret": "6afa15e8edc16b7f6767c97ca8892b8602a2adfe",
        "is_verified": false,
        "line_number": 826
      },
      {
        "type": "Base64 High Entropy String",
        "filename": "pnpm-lock.yaml",
        "hashed_secret": "9c422f6dfca5f8acb3d3923f7aed45865b8e1168",
        "is_verified": false,
        "line_number": 830
      },
      {
        "type": "Base64 High Entropy String",
        "filename": "pnpm-lock.yaml",
        "hashed_secret": "d950cd8ef510429f57fb282e4a437321ca86158c",
        "is_verified": false,
        "line_number": 835
      },
      {
        "type": "Base64 High Entropy String",
        "filename": "pnpm-lock.yaml",
        "hashed_secret": "e7f54899a1654525fbfb1d8c3ac44d632f655af1",
        "is_verified": false,
        "line_number": 840
      },
      {
        "type": "Base64 High Entropy String",
        "filename": "pnpm-lock.yaml",
        "hashed_secret": "f5e09813aa79c07abdd4edd0469c3fad0a4ec10d",
        "is_verified": false,
        "line_number": 843
      },
      {
        "type": "Base64 High Entropy String",
        "filename": "pnpm-lock.yaml",
        "hashed_secret": "4cd3a1b109eb67acf1557141e83880899d18eaea",
        "is_verified": false,
        "line_number": 847
      },
      {
        "type": "Base64 High Entropy String",
        "filename": "pnpm-lock.yaml",
        "hashed_secret": "5a4d96497ba98531c9c36ced1d043fbd8c535eff",
        "is_verified": false,
        "line_number": 851
      },
      {
        "type": "Base64 High Entropy String",
        "filename": "pnpm-lock.yaml",
        "hashed_secret": "979e2a14e4576c62a9748d7466bfa7f4f3a0620d",
        "is_verified": false,
        "line_number": 855
      },
      {
        "type": "Base64 High Entropy String",
        "filename": "pnpm-lock.yaml",
        "hashed_secret": "0d97c7fe1c124e07eb8bba42a86419c083ba0591",
        "is_verified": false,
        "line_number": 859
      },
      {
        "type": "Base64 High Entropy String",
        "filename": "pnpm-lock.yaml",
        "hashed_secret": "e07f2c68e0fe6abfac19da4e9dd0c81669de7078",
        "is_verified": false,
        "line_number": 863
      },
      {
        "type": "Base64 High Entropy String",
        "filename": "pnpm-lock.yaml",
        "hashed_secret": "b2cf47f1b9fba7e27a7f8d660b18e6b5f44b96c3",
        "is_verified": false,
        "line_number": 867
      },
      {
        "type": "Base64 High Entropy String",
        "filename": "pnpm-lock.yaml",
        "hashed_secret": "b128899a573a4719880fc1d714ef898c2cd0bbf4",
        "is_verified": false,
        "line_number": 871
      },
      {
        "type": "Base64 High Entropy String",
        "filename": "pnpm-lock.yaml",
        "hashed_secret": "2d4c99fda7bfa97703c58c10a3f406dffea5b103",
        "is_verified": false,
        "line_number": 874
      },
      {
        "type": "Base64 High Entropy String",
        "filename": "pnpm-lock.yaml",
        "hashed_secret": "1a4cedb8b43b758521f2b5fbfcbb78a5f9128ed0",
        "is_verified": false,
        "line_number": 877
      },
      {
        "type": "Base64 High Entropy String",
        "filename": "pnpm-lock.yaml",
        "hashed_secret": "a93b7cbad36674f1587bbaaf17a4c35cb121288f",
        "is_verified": false,
        "line_number": 881
      },
      {
        "type": "Base64 High Entropy String",
        "filename": "pnpm-lock.yaml",
        "hashed_secret": "a85db4af9637720e23cce6f9da6605bef81c6d35",
        "is_verified": false,
        "line_number": 884
      },
      {
        "type": "Base64 High Entropy String",
        "filename": "pnpm-lock.yaml",
        "hashed_secret": "5bcb233a4cf6e79f65a75aa15e06169c85eabfc4",
        "is_verified": false,
        "line_number": 888
      },
      {
        "type": "Base64 High Entropy String",
        "filename": "pnpm-lock.yaml",
        "hashed_secret": "9cfd1c9ff642dd3f9093c2e68fda7b9daba943ca",
        "is_verified": false,
        "line_number": 892
      },
      {
        "type": "Base64 High Entropy String",
        "filename": "pnpm-lock.yaml",
        "hashed_secret": "1109544447e298af75035b2bbfc851610f963a65",
        "is_verified": false,
        "line_number": 896
      },
      {
        "type": "Base64 High Entropy String",
        "filename": "pnpm-lock.yaml",
        "hashed_secret": "cb41740c5bbb34bb9e00283d48dbf4a56f15d251",
        "is_verified": false,
        "line_number": 900
      },
      {
        "type": "Base64 High Entropy String",
        "filename": "pnpm-lock.yaml",
        "hashed_secret": "1e8b8a60def9fb8f8c82d1e179ce58c72153919f",
        "is_verified": false,
        "line_number": 903
      },
      {
        "type": "Base64 High Entropy String",
        "filename": "pnpm-lock.yaml",
        "hashed_secret": "80ff4b9ea3008303d30330c97e58802255dc7593",
        "is_verified": false,
        "line_number": 906
      },
      {
        "type": "Base64 High Entropy String",
        "filename": "pnpm-lock.yaml",
        "hashed_secret": "9cec1315b7372e1295e71f729deec833d65722fb",
        "is_verified": false,
        "line_number": 909
      },
      {
        "type": "Base64 High Entropy String",
        "filename": "pnpm-lock.yaml",
        "hashed_secret": "43dc656bfd918cc743c84a579f03cb2d5b90b3dd",
        "is_verified": false,
        "line_number": 912
      },
      {
        "type": "Base64 High Entropy String",
        "filename": "pnpm-lock.yaml",
        "hashed_secret": "523696dbce7fa1ba78c3e9e7ced068a037d0e6a1",
        "is_verified": false,
        "line_number": 915
      },
      {
        "type": "Base64 High Entropy String",
        "filename": "pnpm-lock.yaml",
        "hashed_secret": "e907e408e8ac716a2dc03c3a56283b57e5bb5c73",
        "is_verified": false,
        "line_number": 919
      },
      {
        "type": "Base64 High Entropy String",
        "filename": "pnpm-lock.yaml",
        "hashed_secret": "5856bd4cb3a23981807d6e537408344c13ffaada",
        "is_verified": false,
        "line_number": 922
      },
      {
        "type": "Base64 High Entropy String",
        "filename": "pnpm-lock.yaml",
        "hashed_secret": "c7c62cf4b1a3a7a3ba9a2bc1783b68f67677231e",
        "is_verified": false,
        "line_number": 925
      },
      {
        "type": "Base64 High Entropy String",
        "filename": "pnpm-lock.yaml",
        "hashed_secret": "3773d33c5207f8939a7a42e355daa3e28619cab1",
        "is_verified": false,
        "line_number": 934
      },
      {
        "type": "Base64 High Entropy String",
        "filename": "pnpm-lock.yaml",
        "hashed_secret": "88d5de50147c0a55cf86a9c79b0002573f21febe",
        "is_verified": false,
        "line_number": 939
      },
      {
        "type": "Base64 High Entropy String",
        "filename": "pnpm-lock.yaml",
        "hashed_secret": "c4de6f94f8f7a0f08c01a965f6a643d1c57f5c61",
        "is_verified": false,
        "line_number": 944
      },
      {
        "type": "Base64 High Entropy String",
        "filename": "pnpm-lock.yaml",
        "hashed_secret": "87aff3c6c2e4719c7c068c625dc5c6bb833ab411",
        "is_verified": false,
        "line_number": 947
      },
      {
        "type": "Base64 High Entropy String",
        "filename": "pnpm-lock.yaml",
        "hashed_secret": "7ed5906c17ddd4e8330c8475dac722175e5e67c4",
        "is_verified": false,
        "line_number": 950
      },
      {
        "type": "Base64 High Entropy String",
        "filename": "pnpm-lock.yaml",
        "hashed_secret": "7aa924d4aef9f14c78acee8a31bcbd78b26e9898",
        "is_verified": false,
        "line_number": 953
      },
      {
        "type": "Base64 High Entropy String",
        "filename": "pnpm-lock.yaml",
        "hashed_secret": "1e2228f0d8e0fc2bc3b8740a8ff3d287006b9a38",
        "is_verified": false,
        "line_number": 957
      },
      {
        "type": "Base64 High Entropy String",
        "filename": "pnpm-lock.yaml",
        "hashed_secret": "a407d06722bf11a6fd9dbf73f64de844545bf571",
        "is_verified": false,
        "line_number": 960
      },
      {
        "type": "Base64 High Entropy String",
        "filename": "pnpm-lock.yaml",
        "hashed_secret": "87ae5db459dbd9fe4157473b016ae5ff5ef0f4ed",
        "is_verified": false,
        "line_number": 963
      },
      {
        "type": "Base64 High Entropy String",
        "filename": "pnpm-lock.yaml",
        "hashed_secret": "b7f0ec14ead4ce3ec5a28b652101064505ca5153",
        "is_verified": false,
        "line_number": 967
      },
      {
        "type": "Base64 High Entropy String",
        "filename": "pnpm-lock.yaml",
        "hashed_secret": "72a79417ad2fe4b674820c0d880ce5119131e9cc",
        "is_verified": false,
        "line_number": 970
      },
      {
        "type": "Base64 High Entropy String",
        "filename": "pnpm-lock.yaml",
        "hashed_secret": "4936a580bf9308ae4bb0c0ad363825b99f5a3acf",
        "is_verified": false,
        "line_number": 973
      },
      {
        "type": "Base64 High Entropy String",
        "filename": "pnpm-lock.yaml",
        "hashed_secret": "e90d3992248e1597937943ae623ad2c0e243cc9c",
        "is_verified": false,
        "line_number": 976
      },
      {
        "type": "Base64 High Entropy String",
        "filename": "pnpm-lock.yaml",
        "hashed_secret": "21c00ccd7d3f52c23ad0a792501a222ec6d30194",
        "is_verified": false,
        "line_number": 979
      },
      {
        "type": "Base64 High Entropy String",
        "filename": "pnpm-lock.yaml",
        "hashed_secret": "d58ffd4a136f1e28323e9986114c5e98b9cb3137",
        "is_verified": false,
        "line_number": 982
      },
      {
        "type": "Base64 High Entropy String",
        "filename": "pnpm-lock.yaml",
        "hashed_secret": "fa960b6bc3050364365c412b7d57e30ae5b83eb7",
        "is_verified": false,
        "line_number": 985
      },
      {
        "type": "Base64 High Entropy String",
        "filename": "pnpm-lock.yaml",
        "hashed_secret": "897e0533ac8d299571dbc275eba1bbfebba3883b",
        "is_verified": false,
        "line_number": 988
      },
      {
        "type": "Base64 High Entropy String",
        "filename": "pnpm-lock.yaml",
        "hashed_secret": "ab8c0dcb0826b3d7e70fc36102f23c6041b3ca82",
        "is_verified": false,
        "line_number": 991
      },
      {
        "type": "Base64 High Entropy String",
        "filename": "pnpm-lock.yaml",
        "hashed_secret": "8e326c53cdef19ea5189fb18b64262fdacbad1c3",
        "is_verified": false,
        "line_number": 994
      },
      {
        "type": "Base64 High Entropy String",
        "filename": "pnpm-lock.yaml",
        "hashed_secret": "65dfebe42f609ad9e8d4175351c56d70c69414ae",
        "is_verified": false,
        "line_number": 997
      },
      {
        "type": "Base64 High Entropy String",
        "filename": "pnpm-lock.yaml",
        "hashed_secret": "d3972dcaca2a5c591cb7a09776b0dc338f544820",
        "is_verified": false,
        "line_number": 1000
      },
      {
        "type": "Base64 High Entropy String",
        "filename": "pnpm-lock.yaml",
        "hashed_secret": "a43d82b1bb02a76982f03708a4c77d9717f5f5c1",
        "is_verified": false,
        "line_number": 1003
      },
      {
        "type": "Base64 High Entropy String",
        "filename": "pnpm-lock.yaml",
        "hashed_secret": "5c6fd1ad37e6f3656e527822c052f74a1bcd4b42",
        "is_verified": false,
        "line_number": 1006
      },
      {
        "type": "Base64 High Entropy String",
        "filename": "pnpm-lock.yaml",
        "hashed_secret": "f88647a1b4c22c3707f1fac4105d45bb98c5bc64",
        "is_verified": false,
        "line_number": 1009
      },
      {
        "type": "Base64 High Entropy String",
        "filename": "pnpm-lock.yaml",
        "hashed_secret": "79530a702b5cdd581150cc6ad6a7d16b50bab092",
        "is_verified": false,
        "line_number": 1012
      },
      {
        "type": "Base64 High Entropy String",
        "filename": "pnpm-lock.yaml",
        "hashed_secret": "952be565343ea5ad6f02977ec8af33008e8aa335",
        "is_verified": false,
        "line_number": 1015
      },
      {
        "type": "Base64 High Entropy String",
        "filename": "pnpm-lock.yaml",
        "hashed_secret": "1ccbfc906b119ecfd9f397b40fad4208826a6673",
        "is_verified": false,
        "line_number": 1018
      },
      {
        "type": "Base64 High Entropy String",
        "filename": "pnpm-lock.yaml",
        "hashed_secret": "1ad7ea9a5e284e9f11d87268b24bb07d6293a834",
        "is_verified": false,
        "line_number": 1021
      },
      {
        "type": "Base64 High Entropy String",
        "filename": "pnpm-lock.yaml",
        "hashed_secret": "694e2bae57d97eb1561652c96877824df97b6a39",
        "is_verified": false,
        "line_number": 1024
      },
      {
        "type": "Base64 High Entropy String",
        "filename": "pnpm-lock.yaml",
        "hashed_secret": "fe9d0a2d35157bf60abbe436a0e8d4adcdc094f7",
        "is_verified": false,
        "line_number": 1027
      },
      {
        "type": "Base64 High Entropy String",
        "filename": "pnpm-lock.yaml",
        "hashed_secret": "f6be95794c456d6f70e9bf783774e43930f5d61f",
        "is_verified": false,
        "line_number": 1030
      },
      {
        "type": "Base64 High Entropy String",
        "filename": "pnpm-lock.yaml",
        "hashed_secret": "75c53f5e8c084076e3594ea55e597bc21394d4cd",
        "is_verified": false,
        "line_number": 1033
      },
      {
        "type": "Base64 High Entropy String",
        "filename": "pnpm-lock.yaml",
        "hashed_secret": "8efeb0ea3d48a3a2b2a090a7c8010755a2915fc0",
        "is_verified": false,
        "line_number": 1036
      },
      {
        "type": "Base64 High Entropy String",
        "filename": "pnpm-lock.yaml",
        "hashed_secret": "37da2eab0a1a2eb5aca7e20ec5a339dbe92c65d2",
        "is_verified": false,
        "line_number": 1039
      },
      {
        "type": "Base64 High Entropy String",
        "filename": "pnpm-lock.yaml",
        "hashed_secret": "2c51dc6c745842f8fbf71a2c28e780f1533f8fe7",
        "is_verified": false,
        "line_number": 1042
      },
      {
        "type": "Base64 High Entropy String",
        "filename": "pnpm-lock.yaml",
        "hashed_secret": "414e5b40034f7acb7f416a296ca1c2345f280da0",
        "is_verified": false,
        "line_number": 1045
      },
      {
        "type": "Base64 High Entropy String",
        "filename": "pnpm-lock.yaml",
        "hashed_secret": "b0669b6ec44009fc2ce9b137b86ecb0dce0e67fd",
        "is_verified": false,
        "line_number": 1048
      },
      {
        "type": "Base64 High Entropy String",
        "filename": "pnpm-lock.yaml",
        "hashed_secret": "792a1156c3600bde64fe6afdb70027451714a505",
        "is_verified": false,
        "line_number": 1051
      },
      {
        "type": "Base64 High Entropy String",
        "filename": "pnpm-lock.yaml",
        "hashed_secret": "af7df54d476b7e073039dbc773c624f8f97629b8",
        "is_verified": false,
        "line_number": 1054
      },
      {
        "type": "Base64 High Entropy String",
        "filename": "pnpm-lock.yaml",
        "hashed_secret": "feb32ba7caba22bc1bfc8fa40d3aab70d80c3711",
        "is_verified": false,
        "line_number": 1057
      },
      {
        "type": "Base64 High Entropy String",
        "filename": "pnpm-lock.yaml",
        "hashed_secret": "265f0d4504aecf5901e39e1a846b464af8f548a1",
        "is_verified": false,
        "line_number": 1060
      },
      {
        "type": "Base64 High Entropy String",
        "filename": "pnpm-lock.yaml",
        "hashed_secret": "0643e1dd5e6fa6e7bf26a459decc1c8bf9eb0d01",
        "is_verified": false,
        "line_number": 1063
      },
      {
        "type": "Base64 High Entropy String",
        "filename": "pnpm-lock.yaml",
        "hashed_secret": "9dd8c628f27bb52398e48ddbcb3458495642f294",
        "is_verified": false,
        "line_number": 1066
      },
      {
        "type": "Base64 High Entropy String",
        "filename": "pnpm-lock.yaml",
        "hashed_secret": "109cd598436e4dbd5c935b071213eb93a9708f76",
        "is_verified": false,
        "line_number": 1069
      },
      {
        "type": "Base64 High Entropy String",
        "filename": "pnpm-lock.yaml",
        "hashed_secret": "d640cd5c7ce3473bcecf0c2a20aa4af797104959",
        "is_verified": false,
        "line_number": 1072
      },
      {
        "type": "Base64 High Entropy String",
        "filename": "pnpm-lock.yaml",
        "hashed_secret": "4efd847a5850eeae332676e2b684fafdcdec75af",
        "is_verified": false,
        "line_number": 1075
      },
      {
        "type": "Base64 High Entropy String",
        "filename": "pnpm-lock.yaml",
        "hashed_secret": "eaf09abc5e0c47680c2e017deb2f21c42aa080df",
        "is_verified": false,
        "line_number": 1078
      },
      {
        "type": "Base64 High Entropy String",
        "filename": "pnpm-lock.yaml",
        "hashed_secret": "884dbfc05c081ec180a4161939d88eeac20e5069",
        "is_verified": false,
        "line_number": 1081
      },
      {
        "type": "Base64 High Entropy String",
        "filename": "pnpm-lock.yaml",
        "hashed_secret": "541dfcea68a9f74d492a6578e75b29b6c76b6eb7",
        "is_verified": false,
        "line_number": 1084
      },
      {
        "type": "Base64 High Entropy String",
        "filename": "pnpm-lock.yaml",
        "hashed_secret": "1cbcaee55711fa79b8e31ea01993e469b1e7a103",
        "is_verified": false,
        "line_number": 1087
      },
      {
        "type": "Base64 High Entropy String",
        "filename": "pnpm-lock.yaml",
        "hashed_secret": "7a3ba83c9e664a7e4ca91d47bddf0368f196635d",
        "is_verified": false,
        "line_number": 1090
      },
      {
        "type": "Base64 High Entropy String",
        "filename": "pnpm-lock.yaml",
        "hashed_secret": "0272672e07bf95193ae1149d4fe8e21c2e057326",
        "is_verified": false,
        "line_number": 1093
      },
      {
        "type": "Base64 High Entropy String",
        "filename": "pnpm-lock.yaml",
        "hashed_secret": "838abb1331a160bdd441c25a2a2d44332ee8694b",
        "is_verified": false,
        "line_number": 1096
      },
      {
        "type": "Base64 High Entropy String",
        "filename": "pnpm-lock.yaml",
        "hashed_secret": "e6525dbd438fc8858b0d56c59d164f403792ba1e",
        "is_verified": false,
        "line_number": 1100
      },
      {
        "type": "Base64 High Entropy String",
        "filename": "pnpm-lock.yaml",
        "hashed_secret": "06c654850ce93559d42fd5f657cbee6c4d9b47c5",
        "is_verified": false,
        "line_number": 1104
      },
      {
        "type": "Base64 High Entropy String",
        "filename": "pnpm-lock.yaml",
        "hashed_secret": "805d9656080308c11cde7cb7f0310e12c7e60c48",
        "is_verified": false,
        "line_number": 1108
      },
      {
        "type": "Base64 High Entropy String",
        "filename": "pnpm-lock.yaml",
        "hashed_secret": "5b6b494f771ff69c35ad46e17ec1f7da6eb8696e",
        "is_verified": false,
        "line_number": 1111
      },
      {
        "type": "Base64 High Entropy String",
        "filename": "pnpm-lock.yaml",
        "hashed_secret": "53fd921326e7663d338ad03eaf2e6bad0f321a4b",
        "is_verified": false,
        "line_number": 1116
      },
      {
        "type": "Base64 High Entropy String",
        "filename": "pnpm-lock.yaml",
        "hashed_secret": "68a6c01dfb378d086696e91cbace76da28b06dfc",
        "is_verified": false,
        "line_number": 1120
      },
      {
        "type": "Base64 High Entropy String",
        "filename": "pnpm-lock.yaml",
        "hashed_secret": "a56ba07ec056b3f2abf7f6b6da7758f073a3b6db",
        "is_verified": false,
        "line_number": 1123
      },
      {
        "type": "Base64 High Entropy String",
        "filename": "pnpm-lock.yaml",
        "hashed_secret": "ab840a50bf838c62ac16ef5ef0bd5249bbb945e0",
        "is_verified": false,
        "line_number": 1127
      },
      {
        "type": "Base64 High Entropy String",
        "filename": "pnpm-lock.yaml",
        "hashed_secret": "d25f38e564eeda6402f558b3ad020bd05220df32",
        "is_verified": false,
        "line_number": 1130
      },
      {
        "type": "Base64 High Entropy String",
        "filename": "pnpm-lock.yaml",
        "hashed_secret": "9235bcf425e49c5749d9f52ed67b13717efda795",
        "is_verified": false,
        "line_number": 1133
      },
      {
        "type": "Base64 High Entropy String",
        "filename": "pnpm-lock.yaml",
        "hashed_secret": "4439cc784aca22e5cdf33ed6656f5b8b99eaa44d",
        "is_verified": false,
        "line_number": 1136
      },
      {
        "type": "Base64 High Entropy String",
        "filename": "pnpm-lock.yaml",
        "hashed_secret": "84cbfec871cf2b178ab90fcc1f442fa369e99a02",
        "is_verified": false,
        "line_number": 1139
      },
      {
        "type": "Base64 High Entropy String",
        "filename": "pnpm-lock.yaml",
        "hashed_secret": "9dd8b7bcb847f86a200200adcb41ae1230319c9a",
        "is_verified": false,
        "line_number": 1143
      },
      {
        "type": "Base64 High Entropy String",
        "filename": "pnpm-lock.yaml",
        "hashed_secret": "ba8a4a4ea1707cd9c5a04000ad2a40c0890c22c6",
        "is_verified": false,
        "line_number": 1148
      },
      {
        "type": "Base64 High Entropy String",
        "filename": "pnpm-lock.yaml",
        "hashed_secret": "d2dd9ebda8816cd5b1410beaed68e727087e0005",
        "is_verified": false,
        "line_number": 1153
      },
      {
        "type": "Base64 High Entropy String",
        "filename": "pnpm-lock.yaml",
        "hashed_secret": "21ce40fa7b942491db7f5babb19538e726c27e8d",
        "is_verified": false,
        "line_number": 1157
      },
      {
        "type": "Base64 High Entropy String",
        "filename": "pnpm-lock.yaml",
        "hashed_secret": "001289825b7ad97bfff2b4920c44c713a189c19d",
        "is_verified": false,
        "line_number": 1161
      },
      {
        "type": "Base64 High Entropy String",
        "filename": "pnpm-lock.yaml",
        "hashed_secret": "706884687450108cef742ef7b12010f29167a501",
        "is_verified": false,
        "line_number": 1164
      },
      {
        "type": "Base64 High Entropy String",
        "filename": "pnpm-lock.yaml",
        "hashed_secret": "b5926cba843c4b956ab6a50f437514c78f7a2961",
        "is_verified": false,
        "line_number": 1168
      },
      {
        "type": "Base64 High Entropy String",
        "filename": "pnpm-lock.yaml",
        "hashed_secret": "ef92e3e90926767f04ea05b4fc58e71019cf68d5",
        "is_verified": false,
        "line_number": 1173
      },
      {
        "type": "Base64 High Entropy String",
        "filename": "pnpm-lock.yaml",
        "hashed_secret": "0391c117b0fffcbac80e88d593da5d10aa5a3d17",
        "is_verified": false,
        "line_number": 1176
      },
      {
        "type": "Base64 High Entropy String",
        "filename": "pnpm-lock.yaml",
        "hashed_secret": "f34a89394a0994232941f2ade3808c3a9f4d2902",
        "is_verified": false,
        "line_number": 1182
      },
      {
        "type": "Base64 High Entropy String",
        "filename": "pnpm-lock.yaml",
        "hashed_secret": "4716de6eb674b2d666583eb092da8b1c2303a795",
        "is_verified": false,
        "line_number": 1186
      },
      {
        "type": "Base64 High Entropy String",
        "filename": "pnpm-lock.yaml",
        "hashed_secret": "8eb603f181d16409922883159c02899b089f6d60",
        "is_verified": false,
        "line_number": 1190
      },
      {
        "type": "Base64 High Entropy String",
        "filename": "pnpm-lock.yaml",
        "hashed_secret": "9568c98dea59c3c571547a22b9c930355bd1cdeb",
        "is_verified": false,
        "line_number": 1194
      },
      {
        "type": "Base64 High Entropy String",
        "filename": "pnpm-lock.yaml",
        "hashed_secret": "c0700c89b2779175df0e9d38ff12256ffc09a372",
        "is_verified": false,
        "line_number": 1197
      },
      {
        "type": "Base64 High Entropy String",
        "filename": "pnpm-lock.yaml",
        "hashed_secret": "0e1b8602e786eb5190cfe11e2c9c4058d4771f88",
        "is_verified": false,
        "line_number": 1200
      },
      {
        "type": "Base64 High Entropy String",
        "filename": "pnpm-lock.yaml",
        "hashed_secret": "331ef1b30a600da758056bf5f9a416209254c207",
        "is_verified": false,
        "line_number": 1203
      },
      {
        "type": "Base64 High Entropy String",
        "filename": "pnpm-lock.yaml",
        "hashed_secret": "bd7d118863c40f4485b7cf3611684f2e42d0ad8e",
        "is_verified": false,
        "line_number": 1206
      },
      {
        "type": "Base64 High Entropy String",
        "filename": "pnpm-lock.yaml",
        "hashed_secret": "45ecac7de6bb42c56523ad2873cf8f9f5246a8d9",
        "is_verified": false,
        "line_number": 1211
      },
      {
        "type": "Base64 High Entropy String",
        "filename": "pnpm-lock.yaml",
        "hashed_secret": "b0925124a2e491cc228ae05e9815cbd602807c6b",
        "is_verified": false,
        "line_number": 1214
      },
      {
        "type": "Base64 High Entropy String",
        "filename": "pnpm-lock.yaml",
        "hashed_secret": "1508bbaf29927b5348d4df62823dab122a0d3b48",
        "is_verified": false,
        "line_number": 1217
      },
      {
        "type": "Base64 High Entropy String",
        "filename": "pnpm-lock.yaml",
        "hashed_secret": "6c8d2de91b8087bf6f18c9b505ec528e2bafb7c4",
        "is_verified": false,
        "line_number": 1220
      },
      {
        "type": "Base64 High Entropy String",
        "filename": "pnpm-lock.yaml",
        "hashed_secret": "e624c5279b887bafa9e8e6373349bdb9138708b8",
        "is_verified": false,
        "line_number": 1224
      },
      {
        "type": "Base64 High Entropy String",
        "filename": "pnpm-lock.yaml",
        "hashed_secret": "dc84bd66761f714927258320c0bb8dae84587827",
        "is_verified": false,
        "line_number": 1227
      },
      {
        "type": "Base64 High Entropy String",
        "filename": "pnpm-lock.yaml",
        "hashed_secret": "33e224ae0061fa6dc855702e88cad5e948136009",
        "is_verified": false,
        "line_number": 1231
      },
      {
        "type": "Base64 High Entropy String",
        "filename": "pnpm-lock.yaml",
        "hashed_secret": "336d02c1e7195c5237197b5884304099ab15c6ba",
        "is_verified": false,
        "line_number": 1234
      },
      {
        "type": "Base64 High Entropy String",
        "filename": "pnpm-lock.yaml",
        "hashed_secret": "7aa114aa9a7bfd188312ad99782db3d5355eda95",
        "is_verified": false,
        "line_number": 1238
      },
      {
        "type": "Base64 High Entropy String",
        "filename": "pnpm-lock.yaml",
        "hashed_secret": "b015b77432bd6d255596af7b2f552d8e8c91a7f7",
        "is_verified": false,
        "line_number": 1241
      },
      {
        "type": "Base64 High Entropy String",
        "filename": "pnpm-lock.yaml",
        "hashed_secret": "c8fac131170b7bd907b0771e52111a64e940b2a5",
        "is_verified": false,
        "line_number": 1244
      },
      {
        "type": "Base64 High Entropy String",
        "filename": "pnpm-lock.yaml",
        "hashed_secret": "2558599ab14e11c4e61eb6c940041453b8dbb70d",
        "is_verified": false,
        "line_number": 1247
      },
      {
        "type": "Base64 High Entropy String",
        "filename": "pnpm-lock.yaml",
        "hashed_secret": "bd781c148f26d1f4846c44ad3eb29636a326b436",
        "is_verified": false,
        "line_number": 1250
      },
      {
        "type": "Base64 High Entropy String",
        "filename": "pnpm-lock.yaml",
        "hashed_secret": "39d8cd5856eca22616f5ebddde39509c2326f49a",
        "is_verified": false,
        "line_number": 1254
      },
      {
        "type": "Base64 High Entropy String",
        "filename": "pnpm-lock.yaml",
        "hashed_secret": "13dbd7fe03595ffcb7e3426dfa277d73c8fafea2",
        "is_verified": false,
        "line_number": 1257
      },
      {
        "type": "Base64 High Entropy String",
        "filename": "pnpm-lock.yaml",
        "hashed_secret": "eeacdd78906304066ade634711edfa3120b26515",
        "is_verified": false,
        "line_number": 1260
      },
      {
        "type": "Base64 High Entropy String",
        "filename": "pnpm-lock.yaml",
        "hashed_secret": "2fbe8ab30e5355ea9d7538aec4d6c869562a0ed8",
        "is_verified": false,
        "line_number": 1263
      },
      {
        "type": "Base64 High Entropy String",
        "filename": "pnpm-lock.yaml",
        "hashed_secret": "c8401648a1024646ca951addc1693d4600512ccc",
        "is_verified": false,
        "line_number": 1266
      },
      {
        "type": "Base64 High Entropy String",
        "filename": "pnpm-lock.yaml",
        "hashed_secret": "d6233dd65dfcbe4d7aaae3262255027e3185f41a",
        "is_verified": false,
        "line_number": 1270
      },
      {
        "type": "Base64 High Entropy String",
        "filename": "pnpm-lock.yaml",
        "hashed_secret": "f0661775df2ce05e6c49ee07d6003c0e831cda30",
        "is_verified": false,
        "line_number": 1274
      },
      {
        "type": "Base64 High Entropy String",
        "filename": "pnpm-lock.yaml",
        "hashed_secret": "6cc5afba59c5bd26a4795e037f5b9d1ef6cb2ce7",
        "is_verified": false,
        "line_number": 1278
      },
      {
        "type": "Base64 High Entropy String",
        "filename": "pnpm-lock.yaml",
        "hashed_secret": "324c69013b2b1138531752b1a3b60d78b08c5d8d",
        "is_verified": false,
        "line_number": 1281
      },
      {
        "type": "Base64 High Entropy String",
        "filename": "pnpm-lock.yaml",
        "hashed_secret": "72e7ed15b07c6f0fb80160dbe9fd03688cbb7ea9",
        "is_verified": false,
        "line_number": 1285
      },
      {
        "type": "Base64 High Entropy String",
        "filename": "pnpm-lock.yaml",
        "hashed_secret": "47a2a2576064434ef2f063e1f0a5eec8f5cac3a4",
        "is_verified": false,
        "line_number": 1289
      },
      {
        "type": "Base64 High Entropy String",
        "filename": "pnpm-lock.yaml",
        "hashed_secret": "c8ac07caa8b70b9e60a7cc5785840065a9d2eff1",
        "is_verified": false,
        "line_number": 1293
      },
      {
        "type": "Base64 High Entropy String",
        "filename": "pnpm-lock.yaml",
        "hashed_secret": "cd2e12140e63538d725bf39d6bcd7da6976c19bc",
        "is_verified": false,
        "line_number": 1296
      },
      {
        "type": "Base64 High Entropy String",
        "filename": "pnpm-lock.yaml",
        "hashed_secret": "8239574b4263502316ae4af75858c8537b8f9dc2",
        "is_verified": false,
        "line_number": 1299
      },
      {
        "type": "Base64 High Entropy String",
        "filename": "pnpm-lock.yaml",
        "hashed_secret": "7c43a5a81cdfc2d174e64e7441e07b48f610be0e",
        "is_verified": false,
        "line_number": 1304
      },
      {
        "type": "Base64 High Entropy String",
        "filename": "pnpm-lock.yaml",
        "hashed_secret": "3ea284f94ec920b901878d173bcca0b98514b672",
        "is_verified": false,
        "line_number": 1307
      },
      {
        "type": "Base64 High Entropy String",
        "filename": "pnpm-lock.yaml",
        "hashed_secret": "f602e09f0678d8dd41830125dc283eb47750a893",
        "is_verified": false,
        "line_number": 1310
      },
      {
        "type": "Base64 High Entropy String",
        "filename": "pnpm-lock.yaml",
        "hashed_secret": "9a9c48cdcf1e676cd67b5a518e3179bbb5c45945",
        "is_verified": false,
        "line_number": 1313
      },
      {
        "type": "Base64 High Entropy String",
        "filename": "pnpm-lock.yaml",
        "hashed_secret": "62e729afe8b83c39fe12240d3009701ceae77e8d",
        "is_verified": false,
        "line_number": 1316
      },
      {
        "type": "Base64 High Entropy String",
        "filename": "pnpm-lock.yaml",
        "hashed_secret": "f4e6a8d0fa33a7dfe3e654a159c5510de82f2d91",
        "is_verified": false,
        "line_number": 1319
      },
      {
        "type": "Base64 High Entropy String",
        "filename": "pnpm-lock.yaml",
        "hashed_secret": "cfea511a0cbba9944cabfbd30103ce21434865ed",
        "is_verified": false,
        "line_number": 1322
      },
      {
        "type": "Base64 High Entropy String",
        "filename": "pnpm-lock.yaml",
        "hashed_secret": "f2f138a5ead5a6a39c60b357eada0cb5a3ef1179",
        "is_verified": false,
        "line_number": 1325
      },
      {
        "type": "Base64 High Entropy String",
        "filename": "pnpm-lock.yaml",
        "hashed_secret": "10af1db589c7ec869e82074e6bb65cc5a4a6f3d7",
        "is_verified": false,
        "line_number": 1331
      },
      {
        "type": "Base64 High Entropy String",
        "filename": "pnpm-lock.yaml",
        "hashed_secret": "24cac35b603c4f62f26c8d890617e134c1746183",
        "is_verified": false,
        "line_number": 1334
      },
      {
        "type": "Base64 High Entropy String",
        "filename": "pnpm-lock.yaml",
        "hashed_secret": "37d2b98cbde50409625c8c162831b151d758653e",
        "is_verified": false,
        "line_number": 1337
      },
      {
        "type": "Base64 High Entropy String",
        "filename": "pnpm-lock.yaml",
        "hashed_secret": "f4eabe4c5b9c05cd02ccca0f948086e5ee9fff43",
        "is_verified": false,
        "line_number": 1377
      },
      {
        "type": "Base64 High Entropy String",
        "filename": "pnpm-lock.yaml",
        "hashed_secret": "5c81cb3bbf077a30ebeea809bdba83483c8d5dd8",
        "is_verified": false,
        "line_number": 1418
      },
      {
        "type": "Base64 High Entropy String",
        "filename": "pnpm-lock.yaml",
        "hashed_secret": "e61969a88951f6908cebfd7860868ff6aa03ac5d",
        "is_verified": false,
        "line_number": 1422
      },
      {
        "type": "Base64 High Entropy String",
        "filename": "pnpm-lock.yaml",
        "hashed_secret": "63c5647d569cb91eae2e899230886e5d0f6142b8",
        "is_verified": false,
        "line_number": 1426
      },
      {
        "type": "Base64 High Entropy String",
        "filename": "pnpm-lock.yaml",
        "hashed_secret": "5b2f7f4e37d6b30d07f003ccad464736e7eca574",
        "is_verified": false,
        "line_number": 1431
      },
      {
        "type": "Base64 High Entropy String",
        "filename": "pnpm-lock.yaml",
        "hashed_secret": "a83323d73f45e76ce84e7f76ae13d71299152ba9",
        "is_verified": false,
        "line_number": 1435
      },
      {
        "type": "Base64 High Entropy String",
        "filename": "pnpm-lock.yaml",
        "hashed_secret": "95b02c02e7cb902e9603042bf77d2ce3b47d7dd1",
        "is_verified": false,
        "line_number": 1439
      },
      {
        "type": "Base64 High Entropy String",
        "filename": "pnpm-lock.yaml",
        "hashed_secret": "84dda596ef149bb74596521a22453b37de5542ba",
        "is_verified": false,
        "line_number": 1444
      },
      {
        "type": "Base64 High Entropy String",
        "filename": "pnpm-lock.yaml",
        "hashed_secret": "60f62b99a14507fe2d275d65d1bc793565396724",
        "is_verified": false,
        "line_number": 1456
      },
      {
        "type": "Base64 High Entropy String",
        "filename": "pnpm-lock.yaml",
        "hashed_secret": "d534a8643166b53f9b72f567856071d026b7d454",
        "is_verified": false,
        "line_number": 1460
      },
      {
        "type": "Base64 High Entropy String",
        "filename": "pnpm-lock.yaml",
        "hashed_secret": "c0665d268ee6985b4ce98c67b9c6c7502af11a25",
        "is_verified": false,
        "line_number": 1463
      },
      {
        "type": "Base64 High Entropy String",
        "filename": "pnpm-lock.yaml",
        "hashed_secret": "2a6ec2710324e581e13c5bd7ce5f78fd563b3db0",
        "is_verified": false,
        "line_number": 1466
      },
      {
        "type": "Base64 High Entropy String",
        "filename": "pnpm-lock.yaml",
        "hashed_secret": "3c2d8491c2232a61643d57a3622f9e4c284b24f2",
        "is_verified": false,
        "line_number": 1469
      }
    ]
  },
  "generated_at": "2026-06-07T10:50:46Z"
}
